 zlib_pyxis

 Timestamp is 55dca0f8 (Tue Aug 25 13:08:08 2015)

 Preferred load address is 10000000

 Start         Length     Name                   Class
 0001:00000000 0001930aH .text                   CODE
 0002:00000000 00000118H .idata$5                DATA
 0002:00000118 00000004H .CRT$XCA                DATA
 0002:0000011c 00000004H .CRT$XCZ                DATA
 0002:00000120 00000004H .CRT$XIA                DATA
 0002:00000124 00000010H .CRT$XIC                DATA
 0002:00000134 00000004H .CRT$XIZ                DATA
 0002:00000138 00000004H .CRT$XPA                DATA
 0002:0000013c 00000008H .CRT$XPX                DATA
 0002:00000144 00000004H .CRT$XPXA               DATA
 0002:00000148 00000004H .CRT$XPZ                DATA
 0002:0000014c 00000004H .CRT$XTA                DATA
 0002:00000150 00000004H .CRT$XTZ                DATA
 0002:00000158 00008220H .rdata                  DATA
 0002:00008380 0000000cH .rdata$sxdata           DATA
 0002:0000838c 00000004H .rtc$IAA                DATA
 0002:00008390 00000004H .rtc$IZZ                DATA
 0002:00008394 00000004H .rtc$TAA                DATA
 0002:00008398 00000004H .rtc$TZZ                DATA
 0002:000083a0 0000045cH .xdata$x                DATA
 0002:000087fc 00000014H .idata$2                DATA
 0002:00008810 00000014H .idata$3                DATA
 0002:00008824 00000118H .idata$4                DATA
 0002:0000893c 00000500H .idata$6                DATA
 0002:00008e40 00000c46H .edata                  DATA
 0003:00000000 00000ed0H .data                   DATA
 0003:00000ee0 00001e40H .bss                    DATA
 0004:00000000 00000058H .rsrc$01                DATA
 0004:00000060 00000338H .rsrc$02                DATA

  Address         Publics by Value              Rva+Base       Lib:Object

 0000:00000000       __except_list              00000000     <absolute>
 0000:00000003       ___safe_se_handler_count   00000003     <absolute>
 0000:00000000       ___ImageBase               10000000     <linker-defined>
 0001:00000000       _adler32                   10001000 f   adler32.obj
 0001:00000330       _adler32_combine           10001330 f   adler32.obj
 0001:00000350       _compress2                 10001350 f   compress.obj
 0001:00000400       _compress                  10001400 f   compress.obj
 0001:00000420       _compressBound             10001420 f   compress.obj
 0001:00000440       _get_crc_table             10001440 f   crc32.obj
 0001:00000450       _crc32                     10001450 f   crc32.obj
 0001:00000880       _crc32_combine             10001880 f   crc32.obj
 0001:000008a0       _deflateInit_              100018a0 f   deflate.obj
 0001:000008d0       _deflateInit2_             100018d0 f   deflate.obj
 0001:00000b00       _deflateSetDictionary      10001b00 f   deflate.obj
 0001:00000ca0       _deflateResetKeep          10001ca0 f   deflate.obj
 0001:00000d50       _deflateReset              10001d50 f   deflate.obj
 0001:00000d80       _deflateSetHeader          10001d80 f   deflate.obj
 0001:00000db0       _deflatePending            10001db0 f   deflate.obj
 0001:00000df0       _deflatePrime              10001df0 f   deflate.obj
 0001:00000e80       _deflateParams             10001e80 f   deflate.obj
 0001:00000f80       _deflateTune               10001f80 f   deflate.obj
 0001:00000fc0       _deflateBound              10001fc0 f   deflate.obj
 0001:00001130       _deflate                   10002130 f   deflate.obj
 0001:000019a0       _deflateEnd                100029a0 f   deflate.obj
 0001:00001a70       _deflateCopy               10002a70 f   deflate.obj
 0001:00002bb0       _gzclose                   10003bb0 f   gzclose.obj
 0001:00002f30       _gzopen                    10003f30 f   gzlib.obj
 0001:00002f50       _gzdopen                   10003f50 f   gzlib.obj
 0001:00002fa0       _gzopen_w                  10003fa0 f   gzlib.obj
 0001:00002fc0       _gzbuffer                  10003fc0 f   gzlib.obj
 0001:00003000       _gzrewind                  10004000 f   gzlib.obj
 0001:00003060       _gzseek64                  10004060 f   gzlib.obj
 0001:000031f0       _gzseek                    100041f0 f   gzlib.obj
 0001:00003230       _gztell64                  10004230 f   gzlib.obj
 0001:00003290       _gztell                    10004290 f   gzlib.obj
 0001:000032c0       _gzoffset64                100042c0 f   gzlib.obj
 0001:00003310       _gzoffset                  10004310 f   gzlib.obj
 0001:00003340       _gzeof                     10004340 f   gzlib.obj
 0001:00003370       _gzerror                   10004370 f   gzlib.obj
 0001:000033c0       _gzclearerr                100043c0 f   gzlib.obj
 0001:00003410       _gz_error                  10004410 f   gzlib.obj
 0001:00003990       _gzread                    10004990 f   gzread.obj
 0001:00003ae0       _gzgetc                    10004ae0 f   gzread.obj
 0001:00003b40       _gzgetc_                   10004b40 f   gzread.obj
 0001:00003b50       _gzungetc                  10004b50 f   gzread.obj
 0001:00003c20       _gzgets                    10004c20 f   gzread.obj
 0001:00003d30       _gzdirect                  10004d30 f   gzread.obj
 0001:00003d70       _gzclose_r                 10004d70 f   gzread.obj
 0001:000040e0       _gzwrite                   100050e0 f   gzwrite.obj
 0001:00004200       _gzputc                    10005200 f   gzwrite.obj
 0001:000042b0       _gzputs                    100052b0 f   gzwrite.obj
 0001:000042f0       _gzvprintf                 100052f0 f   gzwrite.obj
 0001:000043b0       _gzprintf                  100053b0 f   gzwrite.obj
 0001:000043d0       _gzflush                   100053d0 f   gzwrite.obj
 0001:00004430       _gzsetparams               10005430 f   gzwrite.obj
 0001:000044e0       _gzclose_w                 100054e0 f   gzwrite.obj
 0001:000045a0       _inflateBackInit_          100055a0 f   infback.obj
 0001:00004690       _inflateBack               10005690 f   infback.obj
 0001:00005490       _inflateBackEnd            10006490 f   infback.obj
 0001:000054d0       _inflateResetKeep          100064d0 f   inflate.obj
 0001:00005570       _inflateReset              10006570 f   inflate.obj
 0001:000055b0       _inflateReset2             100065b0 f   inflate.obj
 0001:00005640       _inflateInit2_             10006640 f   inflate.obj
 0001:00005700       _inflateInit_              10006700 f   inflate.obj
 0001:00005720       _inflatePrime              10006720 f   inflate.obj
 0001:000058b0       _inflate                   100068b0 f   inflate.obj
 0001:00006f30       _inflateEnd                10007f30 f   inflate.obj
 0001:00006f80       _inflateGetDictionary      10007f80 f   inflate.obj
 0001:00006ff0       _inflateSetDictionary      10007ff0 f   inflate.obj
 0001:00007090       _inflateGetHeader          10008090 f   inflate.obj
 0001:00007140       _inflateSync               10008140 f   inflate.obj
 0001:00007220       _inflateSyncPoint          10008220 f   inflate.obj
 0001:00007250       _inflateCopy               10008250 f   inflate.obj
 0001:000073a0       _inflateUndermine          100083a0 f   inflate.obj
 0001:000073d0       _inflateMark               100083d0 f   inflate.obj
 0001:00007430       _inflate_table             10008430 f   inftrees.obj
 0001:00007800       _call_zopen64              10008800 f   ioapi.obj
 0001:00007820       _call_zseek64              10008820 f   ioapi.obj
 0001:00007880       _call_ztell64              10008880 f   ioapi.obj
 0001:000078b0       _fill_zlib_filefunc64_32_def_from_filefunc32 100088b0 f   ioapi.obj
 0001:00007a10       _fill_fopen64_filefunc     10008a10 f   ioapi.obj
 0001:00007b00       _win32_open64_file_funcA   10008b00 f   iowin32.obj
 0001:00007b00       _win32_open_file_func      10008b00 f   iowin32.obj
 0001:00007b00       _win32_open64_file_func    10008b00 f   iowin32.obj
 0001:00007b60       _win32_open64_file_funcW   10008b60 f   iowin32.obj
 0001:00007bc0       _win32_read_file_func      10008bc0 f   iowin32.obj
 0001:00007c10       _win32_write_file_func     10008c10 f   iowin32.obj
 0001:00007cc0       _win32_tell_file_func      10008cc0 f   iowin32.obj
 0001:00007d10       _win32_tell64_file_func    10008d10 f   iowin32.obj
 0001:00007d70       _win32_seek_file_func      10008d70 f   iowin32.obj
 0001:00007dd0       _win32_seek64_file_func    10008dd0 f   iowin32.obj
 0001:00007e30       _win32_close_file_func     10008e30 f   iowin32.obj
 0001:00007e60       _win32_error_file_func     10008e60 f   iowin32.obj
 0001:00007e80       _fill_win32_filefunc       10008e80 f   iowin32.obj
 0001:00007ec0       _fill_win32_filefunc64A    10008ec0 f   iowin32.obj
 0001:00007ec0       _fill_win32_filefunc64     10008ec0 f   iowin32.obj
 0001:00007f00       _fill_win32_filefunc64W    10008f00 f   iowin32.obj
 0001:00007f40       __tr_init                  10008f40 f   trees.obj
 0001:00008ec0       __tr_stored_block          10009ec0 f   trees.obj
 0001:00008f50       __tr_flush_bits            10009f50 f   trees.obj
 0001:00008f60       __tr_align                 10009f60 f   trees.obj
 0001:00009050       __tr_flush_block           1000a050 f   trees.obj
 0001:00009820       _uncompress                1000a820 f   uncompr.obj
 0001:00009c00       _unzStringFileNameCompare  1000ac00 f   unzip.obj
 0001:0000a4c0       _unzOpen2                  1000b4c0 f   unzip.obj
 0001:0000a500       _unzOpen2_64               1000b500 f   unzip.obj
 0001:0000a570       _unzOpen                   1000b570 f   unzip.obj
 0001:0000a590       _unzOpen64                 1000b590 f   unzip.obj
 0001:0000a5b0       _unzClose                  1000b5b0 f   unzip.obj
 0001:0000a5f0       _unzGetGlobalInfo64        1000b5f0 f   unzip.obj
 0001:0000a620       _unzGetGlobalInfo          1000b620 f   unzip.obj
 0001:0000ac00       _unzGetCurrentFileInfo64   1000bc00 f   unzip.obj
 0001:0000ac30       _unzGetCurrentFileInfo     1000bc30 f   unzip.obj
 0001:0000ad00       _unzGoToFirstFile          1000bd00 f   unzip.obj
 0001:0000ad70       _unzGoToNextFile           1000bd70 f   unzip.obj
 0001:0000ae20       _unzLocateFile             1000be20 f   unzip.obj
 0001:0000af60       _unzGetFilePos64           1000bf60 f   unzip.obj
 0001:0000afb0       _unzGetFilePos             1000bfb0 f   unzip.obj
 0001:0000afe0       _unzGoToFilePos64          1000bfe0 f   unzip.obj
 0001:0000b050       _unzGoToFilePos            1000c050 f   unzip.obj
 0001:0000b2f0       _unzOpenCurrentFile3       1000c2f0 f   unzip.obj
 0001:0000b580       _unzOpenCurrentFile        1000c580 f   unzip.obj
 0001:0000b5a0       _unzOpenCurrentFilePassword 1000c5a0 f   unzip.obj
 0001:0000b5c0       _unzOpenCurrentFile2       1000c5c0 f   unzip.obj
 0001:0000b5e0       _unzGetCurrentFileZStreamPos64 1000c5e0 f   unzip.obj
 0001:0000b610       _unzReadCurrentFile        1000c610 f   unzip.obj
 0001:0000b8c0       _unztell                   1000c8c0 f   unzip.obj
 0001:0000b8e0       _unztell64                 1000c8e0 f   unzip.obj
 0001:0000b910       _unzeof                    1000c910 f   unzip.obj
 0001:0000b950       _unzGetLocalExtrafield     1000c950 f   unzip.obj
 0001:0000ba10       _unzCloseCurrentFile       1000ca10 f   unzip.obj
 0001:0000bab0       _unzGetGlobalComment       1000cab0 f   unzip.obj
 0001:0000c490       _LoadCentralDirectoryRecord 1000d490 f   zip.obj
 0001:0000c930       _zipOpen3                  1000d930 f   zip.obj
 0001:0000cac0       _zipOpen2                  1000dac0 f   zip.obj
 0001:0000cb00       _zipOpen2_64               1000db00 f   zip.obj
 0001:0000cb80       _zipOpen64                 1000db80 f   zip.obj
 0001:0000cb80       _zipOpen                   1000db80 f   zip.obj
 0001:0000cba0       _Write_LocalFileHeader     1000dba0 f   zip.obj
 0001:0000cdb0       _zipOpenNewFileInZip4_64   1000ddb0 f   zip.obj
 0001:0000d290       _zipOpenNewFileInZip3      1000e290 f   zip.obj
 0001:0000d2e0       _zipOpenNewFileInZip3_64   1000e2e0 f   zip.obj
 0001:0000d330       _zipOpenNewFileInZip2      1000e330 f   zip.obj
 0001:0000d370       _zipOpenNewFileInZip2_64   1000e370 f   zip.obj
 0001:0000d3b0       _zipOpenNewFileInZip64     1000e3b0 f   zip.obj
 0001:0000d3f0       _zipOpenNewFileInZip       1000e3f0 f   zip.obj
 0001:0000d4f0       _zipWriteInFileInZip       1000e4f0 f   zip.obj
 0001:0000d5f0       _zipCloseFileInZipRaw      1000e5f0 f   zip.obj
 0001:0000d610       _zipCloseFileInZipRaw64    1000e610 f   zip.obj
 0001:0000db00       _zipCloseFileInZip         1000eb00 f   zip.obj
 0001:0000db20       _Write_Zip64EndOfCentralDirectoryLocator 1000eb20 f   zip.obj
 0001:0000dba0       _Write_Zip64EndOfCentralDirectoryRecord 1000eba0 f   zip.obj
 0001:0000dcc0       _Write_EndOfCentralDirectoryRecord 1000ecc0 f   zip.obj
 0001:0000de00       _Write_GlobalComment       1000ee00 f   zip.obj
 0001:0000de70       _zipClose                  1000ee70 f   zip.obj
 0001:0000e000       _zlibVersion               1000f000 f   zutil.obj
 0001:0000e010       _zlibCompileFlags          1000f010 f   zutil.obj
 0001:0000e020       _zError                    1000f020 f   zutil.obj
 0001:0000e040       _zcalloc                   1000f040 f   zutil.obj
 0001:0000e060       _zcfree                    1000f060 f   zutil.obj
 0001:0000e070       _longest_match             1000f070 f   match686.obj
 0001:0000e258       _match_init                1000f258 f   match686.obj
 0001:0000e360       _inflate_fast              1000f360 f   inffas32.obj
 0001:0000e9f3       __lseeki64                 1000f9f3 f   LIBCMT:lseeki64.obj
 0001:0000eaef       __lseeki64_nolock          1000faef f   LIBCMT:lseeki64.obj
 0001:0000ebf1       __wopen                    1000fbf1 f   LIBCMT:wopen.obj
 0001:0000ec9e       __wsopen_nolock            1000fc9e f   LIBCMT:wopen.obj
 0001:0000f3ef       _free                      100103ef f   LIBCMT:free.obj
 0001:0000f427       _malloc                    10010427 f   LIBCMT:malloc.obj
 0001:0000f4b9       __snprintf                 100104b9 f   LIBCMT:snprintf.obj
 0001:0000f563       ??0_LocaleUpdate@@QAE@PAUlocaleinfo_struct@@@Z 10010563 f i LIBCMT:wcstombs.obj
 0001:0000f5eb       __wcstombs_l_helper        100105eb f   LIBCMT:wcstombs.obj
 0001:0000f850       _wcstombs                  10010850 f   LIBCMT:wcstombs.obj
 0001:0000f868       __get_sys_err_msg          10010868 f i LIBCMT:strerror.obj
 0001:0000f88e       _strerror                  1001088e f   LIBCMT:strerror.obj
 0001:0000f900       _memchr                    10010900 f   LIBCMT:memchr.obj
 0001:0000f9ad       ___doserrno                100109ad f   LIBCMT:dosmap.obj
 0001:0000f9c0       __dosmaperr                100109c0 f   LIBCMT:dosmap.obj
 0001:0000f9e1       __errno                    100109e1 f   LIBCMT:dosmap.obj
 0001:0000f9f4       __get_errno_from_oserr     100109f4 f   LIBCMT:dosmap.obj
 0001:0000fa35       __ftelli64                 10010a35 f   LIBCMT:ftelli64.obj
 0001:0000faa9       __ftelli64_nolock          10010aa9 f   LIBCMT:ftelli64.obj
 0001:0000fe54       __fseeki64                 10010e54 f   LIBCMT:fseeki64.obj
 0001:0000fed6       __fseeki64_nolock          10010ed6 f   LIBCMT:fseeki64.obj
 0001:0000ff87       __fsopen                   10010f87 f   LIBCMT:fopen.obj
 0001:0001004b       _fopen                     1001104b f   LIBCMT:fopen.obj
 0001:00010060       __fread_nolock_s           10011060 f   LIBCMT:fread.obj
 0001:00010223       _fread                     10011223 f   LIBCMT:fread.obj
 0001:0001023e       _fread_s                   1001123e f   LIBCMT:fread.obj
 0001:000102cf       _ferror                    100112cf f   LIBCMT:feoferr.obj
 0001:000102f5       __fwrite_nolock            100112f5 f   LIBCMT:fwrite.obj
 0001:0001044c       _fwrite                    1001144c f   LIBCMT:fwrite.obj
 0001:000104ca       __fclose_nolock            100114ca f   LIBCMT:fclose.obj
 0001:00010536       _fclose                    10011536 f   LIBCMT:fclose.obj
 0001:000105ad       _rand                      100115ad f   LIBCMT:rand.obj
 0001:000105d0       _srand                     100115d0 f   LIBCMT:rand.obj
 0001:000105e0       __time64                   100115e0 f   LIBCMT:time64.obj
 0001:0001062f       __CRT_INIT@12              1001162f f   LIBCMT:dllcrt0.obj
 0001:000107a1       __DllMainCRTStartup@12     100117a1 f   LIBCMT:dllcrt0.obj
 0001:000108d2       ___DllXcptFilter           100118d2 f   LIBCMT:dllcrt0.obj
 0001:000108f7       __call_reportfault         100118f7 f   LIBCMT:invarg.obj
 0001:00010a1a       __initp_misc_invarg        10011a1a f   LIBCMT:invarg.obj
 0001:00010a27       __invalid_parameter        10011a27 f   LIBCMT:invarg.obj
 0001:00010a52       __invalid_parameter_noinfo 10011a52 f   LIBCMT:invarg.obj
 0001:00010a62       __invoke_watson            10011a62 f   LIBCMT:invarg.obj
 0001:00010a8d       ___lock_fhandle            10011a8d f   LIBCMT:osfinfo.obj
 0001:00010b19       __alloc_osfhnd             10011b19 f   LIBCMT:osfinfo.obj
 0001:00010cbe       __free_osfhnd              10011cbe f   LIBCMT:osfinfo.obj
 0001:00010d44       __get_osfhandle            10011d44 f   LIBCMT:osfinfo.obj
 0001:00010dab       __set_osfhnd               10011dab f   LIBCMT:osfinfo.obj
 0001:00010e2d       __unlock_fhandle           10011e2d f   LIBCMT:osfinfo.obj
 0001:00010e60       __SEH_prolog4              10011e60 f   LIBCMT:sehprolg4.obj
 0001:00010ea5       __SEH_epilog4              10011ea5 f   LIBCMT:sehprolg4.obj
 0001:00010ec0       __except_handler4          10011ec0 f   LIBCMT:chandler4.obj
 0001:00011055       __ioinit                   10012055 f   LIBCMT:ioinit.obj
 0001:00011303       __ioterm                   10012303 f   LIBCMT:ioinit.obj
 0001:00011355       __write                    10012355 f   LIBCMT:write.obj
 0001:00011355       _write                     10012355 f   LIBCMT:write.obj
 0001:00011437       __write_nolock             10012437 f   LIBCMT:write.obj
 0001:00011c61       __chsize_nolock            10012c61 f   LIBCMT:chsize.obj
 0001:00011e15       _close                     10012e15 f   LIBCMT:close.obj
 0001:00011e15       __close                    10012e15 f   LIBCMT:close.obj
 0001:00011edf       __close_nolock             10012edf f   LIBCMT:close.obj
 0001:00011f79       __read                     10012f79 f   LIBCMT:read.obj
 0001:00011f79       _read                      10012f79 f   LIBCMT:read.obj
 0001:00012081       __read_nolock              10013081 f   LIBCMT:read.obj
 0001:00012810       __get_fmode                10013810 f   LIBCMT:setmode.obj
 0001:0001283a       __setmode_nolock           1001383a f   LIBCMT:setmode.obj
 0001:00012907       ___crtFlsAlloc             10013907 f   LIBCMT:winapisupp.obj
 0001:00012925       ___crtFlsFree              10013925 f   LIBCMT:winapisupp.obj
 0001:00012944       ___crtFlsGetValue          10013944 f   LIBCMT:winapisupp.obj
 0001:00012963       ___crtFlsSetValue          10013963 f   LIBCMT:winapisupp.obj
 0001:00012985       ___crtIsPackagedApp        10013985 f   LIBCMT:winapisupp.obj
 0001:000129c3       ___crtLoadWinApiPointers   100139c3 f   LIBCMT:winapisupp.obj
 0001:00012c02       ___crtTerminateProcess     10013c02 f   LIBCMT:winapisupp.obj
 0001:00012c17       ___crtUnhandledException   10013c17 f   LIBCMT:winapisupp.obj
 0001:00012c2d       ___copy_path_to_wide_string 10013c2d f   LIBCMT:crt0dat.obj
 0001:00012cdd       ___crtCorExitProcess       10013cdd f   LIBCMT:crt0dat.obj
 0001:00012d0f       ___crtExitProcess          10013d0f f   LIBCMT:crt0dat.obj
 0001:00012d25       ___freeCrtMemory           10013d25 f   LIBCMT:crt0dat.obj
 0001:00012e35       __amsg_exit                10013e35 f   LIBCMT:crt0dat.obj
 0001:00012e51       __cexit                    10013e51 f   LIBCMT:crt0dat.obj
 0001:00012e60       __cinit                    10013e60 f   LIBCMT:crt0dat.obj
 0001:00012ef1       __exit                     10013ef1 f   LIBCMT:crt0dat.obj
 0001:00012f05       __init_pointers            10013f05 f   LIBCMT:crt0dat.obj
 0001:00012f59       __initterm_e               10013f59 f   LIBCMT:crt0dat.obj
 0001:00012f7b       __lockexit                 10013f7b f   LIBCMT:crt0dat.obj
 0001:00012f84       __unlockexit               10013f84 f   LIBCMT:crt0dat.obj
 0001:000130bc       __heap_init                100140bc f   LIBCMT:heapinit.obj
 0001:000130d1       __heap_term                100140d1 f   LIBCMT:heapinit.obj
 0001:000130d9       __callnewh                 100140d9 f   LIBCMT:handler.obj
 0001:000130ff       __initp_heap_handler       100140ff f   LIBCMT:handler.obj
 0001:0001310c       __FF_MSGBANNER             1001410c f   LIBCMT:crt0msg.obj
 0001:00013145       __GET_RTERRMSG             10014145 f   LIBCMT:crt0msg.obj
 0001:00013169       __NMSG_WRITE               10014169 f   LIBCMT:crt0msg.obj
 0001:00013324       __flsbuf                   10014324 f   LIBCMT:_flsbuf.obj
 0001:00013471       _vsnprintf                 10014471 f   LIBCMT:vsnprint.obj
 0001:00013471       __vsnprintf                10014471 f   LIBCMT:vsnprint.obj
 0001:0001348c       __vsnprintf_l              1001448c f   LIBCMT:vsnprint.obj
 0001:00013536       __output_l                 10014536 f   LIBCMT:output.obj
 0001:000141a8       ___addlocaleref            100151a8 f   LIBCMT:localref.obj
 0001:00014238       ___freetlocinfo            10015238 f   LIBCMT:localref.obj
 0001:00014392       ___removelocaleref         10015392 f   LIBCMT:localref.obj
 0001:0001442d       ___updatetlocinfo          1001542d f   LIBCMT:localref.obj
 0001:000144a9       __updatetlocinfoEx_nolock  100154a9 f   LIBCMT:localref.obj
 0001:000144f4       ___initmbctable            100154f4 f   LIBCMT:mbctype.obj
 0001:000147af       ___updatetmbcinfo          100157af f   LIBCMT:mbctype.obj
 0001:00014854       __setmbcp                  10015854 f   LIBCMT:mbctype.obj
 0001:00014a02       __setmbcp_nolock           10015a02 f   LIBCMT:mbctype.obj
 0001:00014bf7       __freefls@4                10015bf7 f   LIBCMT:tidtable.obj
 0001:00014d2e       __freeptd                  10015d2e f   LIBCMT:tidtable.obj
 0001:00014d64       __getptd                   10015d64 f   LIBCMT:tidtable.obj
 0001:00014d7c       __getptd_noexit            10015d7c f   LIBCMT:tidtable.obj
 0001:00014deb       __initptd                  10015deb f   LIBCMT:tidtable.obj
 0001:00014e9e       __mtinit                   10015e9e f   LIBCMT:tidtable.obj
 0001:00014f14       __mtterm                   10015f14 f   LIBCMT:tidtable.obj
 0001:00014f31       @__security_check_cookie@4 10015f31 f   LIBCMT:secchk.obj
 0001:00014f40       ___sys_errlist             10015f40 f   LIBCMT:syserr.obj
 0001:00014f46       ___sys_nerr                10015f46 f   LIBCMT:syserr.obj
 0001:00014f4c       _strcpy_s                  10015f4c f   LIBCMT:strcpy_s.obj
 0001:00014fa1       __calloc_crt               10015fa1 f   LIBCMT:crtheap.obj
 0001:00014feb       __malloc_crt               10015feb f   LIBCMT:crtheap.obj
 0001:00015034       __realloc_crt              10016034 f   LIBCMT:crtheap.obj
 0001:00015080       __fileno                   10016080 f   LIBCMT:fileno.obj
 0001:000150a4       ___initstdio               100160a4 f   LIBCMT:_file.obj
 0001:00015117       ___endstdio                10016117 f   LIBCMT:_file.obj
 0001:0001513e       ___iob_func                1001613e f   LIBCMT:_file.obj
 0001:00015144       __lock_file                10016144 f   LIBCMT:_file.obj
 0001:00015183       __lock_file2               10016183 f   LIBCMT:_file.obj
 0001:000151b3       __unlock_file              100161b3 f   LIBCMT:_file.obj
 0001:000151ed       __unlock_file2             100161ed f   LIBCMT:_file.obj
 0001:00015220       __chkstk                   10016220 f   LIBCMT:chkstk.obj
 0001:00015220       __alloca_probe             10016220     LIBCMT:chkstk.obj
 0001:0001524b       __fflush_nolock            1001624b f   LIBCMT:fflush.obj
 0001:00015291       __flush                    10016291 f   LIBCMT:fflush.obj
 0001:000152f5       __flushall                 100162f5 f   LIBCMT:fflush.obj
 0001:000153e2       __getstream                100163e2 f   LIBCMT:stream.obj
 0001:000154fa       __openfile                 100164fa f   LIBCMT:_open.obj
 0001:00015780       __local_unwind4            10016780 f   LIBCMT:exsup4.obj
 0001:00015856       __seh_longjmp_unwind4@4    10016856 f   LIBCMT:exsup4.obj
 0001:00015872       @_EH4_CallFilterFunc@8     10016872 f   LIBCMT:exsup4.obj
 0001:00015889       @_EH4_TransferToHandler@8  10016889 f   LIBCMT:exsup4.obj
 0001:000158a2       @_EH4_GlobalUnwind2@8      100168a2 f   LIBCMT:exsup4.obj
 0001:000158bb       @_EH4_LocalUnwind@16       100168bb f   LIBCMT:exsup4.obj
 0001:000158d2       __filbuf                   100168d2 f   LIBCMT:_filbuf.obj
 0001:000159f3       _memcpy_s                  100169f3 f   LIBCMT:memcpy_s.obj
 0001:00015a80       _memset                    10016a80 f   LIBCMT:memset.obj
 0001:00015b10       _memcpy                    10016b10 f   LIBCMT:memcpy.obj
 0001:00016154       __freebuf                  10017154 f   LIBCMT:_freebuf.obj
 0001:00016190       __aulldiv                  10017190 f   LIBCMT:ulldiv.obj
 0001:000161f8       __XcptFilter               100171f8 f   LIBCMT:winxfltr.obj
 0001:00016353       ___CppXcptFilter           10017353 f   LIBCMT:winxfltr.obj
 0001:00016371       __setargv                  10017371 f   LIBCMT:stdargv.obj
 0001:0001659e       __setenvp                  1001759e f   LIBCMT:stdenvp.obj
 0001:0001667f       ___security_init_cookie    1001767f f   LIBCMT:gs_support.obj
 0001:00016719       _DllMain@12                10017719 f   LIBCMT:dllmain.obj
 0001:0001671f       ___crtGetEnvironmentStringsA 1001771f f   LIBCMT:a_env.obj
 0001:000167aa       __RTC_Initialize           100177aa f   LIBCMT:initsect.obj
 0001:000167ca       __RTC_Terminate            100177ca f   LIBCMT:initsect.obj
 0001:000167ea       __crt_debugger_hook        100177ea f   LIBCMT:dbghook.obj
 0001:000167f2       __lock                     100177f2 f   LIBCMT:mlock.obj
 0001:00016826       __mtdeletelocks            10017826 f   LIBCMT:mlock.obj
 0001:0001687a       __mtinitlocknum            1001787a f   LIBCMT:mlock.obj
 0001:00016921       __mtinitlocks              10017921 f   LIBCMT:mlock.obj
 0001:00016956       __unlock                   10017956 f   LIBCMT:mlock.obj
 0001:00016970       __FindPESection            10017970 f   LIBCMT:pesect.obj
 0001:000169c0       __IsNonwritableInCurrentImage 100179c0 f   LIBCMT:pesect.obj
 0001:00016a80       __ValidateImageBase        10017a80 f   LIBCMT:pesect.obj
 0001:00016ab1       __isleadbyte_l             10017ab1 f i LIBCMT:_wctype.obj
 0001:00016ae7       _isleadbyte                10017ae7 f i LIBCMT:_wctype.obj
 0001:00016af8       __isatty                   10017af8 f   LIBCMT:isatty.obj
 0001:00016b4c       __mbtowc_l                 10017b4c f   LIBCMT:mbtowc.obj
 0001:00016c3f       _mbtowc                    10017c3f f   LIBCMT:mbtowc.obj
 0001:00016c57       __putwch_nolock            10017c57 f   LIBCMT:putwch.obj
 0001:00016c98       ___onexitinit              10017c98 f   LIBCMT:onexit.obj
 0001:00016cc7       __onexit                   10017cc7 f   LIBCMT:onexit.obj
 0001:00016dbd       _atexit                    10017dbd f   LIBCMT:onexit.obj
 0001:00016dd2       __initp_misc_cfltcvt_tab   10017dd2 f   LIBCMT:cmiscdat.obj
 0001:00016df1       ?terminate@@YAXXZ          10017df1 f   LIBCMT:hooks.obj
 0001:00016e25       __initp_eh_hooks           10017e25 f   LIBCMT:hooks.obj
 0001:00016e36       __initp_misc_purevirt      10017e36 f   LIBCMT:inithelp.obj
 0001:00016e43       __initp_misc_rand_s        10017e43 f   LIBCMT:rand_s.obj
 0001:00016e50       ___get_sigabrt             10017e50 f   LIBCMT:winsig.obj
 0001:00016e5d       __initp_misc_winsig        10017e5d f   LIBCMT:winsig.obj
 0001:00016e79       _raise                     10017e79 f   LIBCMT:winsig.obj
 0001:00017070       _strlen                    10018070 f   LIBCMT:strlen.obj
 0001:000170fb       _wcscat_s                  100180fb f   LIBCMT:wcscat_s.obj
 0001:00017167       _wcscpy_s                  10018167 f   LIBCMT:wcscpy_s.obj
 0001:000171c3       _wcslen                    100181c3 f   LIBCMT:wcslen.obj
 0001:000171dc       _wcsncpy_s                 100181dc f   LIBCMT:wcsncpy_s.obj
 0001:0001729a       __set_error_mode           1001829a f   LIBCMT:errmode.obj
 0001:000172da       ___crtMessageBoxW          100182da f   LIBCMT:crtmboxw.obj
 0001:000174bc       __getbuf                   100184bc f   LIBCMT:_getbuf.obj
 0001:00017502       __get_printf_count_output  10018502 f   LIBCMT:printf.obj
 0001:00017517       __wctomb_s_l               10018517 f   LIBCMT:wctomb.obj
 0001:00017639       _wctomb_s                  10018639 f   LIBCMT:wctomb.obj
 0001:00017660       __aulldvrm                 10018660 f   LIBCMT:ulldvrm.obj
 0001:000176f5       ___free_lconv_mon          100186f5 f   LIBCMT:initmon.obj
 0001:000177f1       ___free_lconv_num          100187f1 f   LIBCMT:initnum.obj
 0001:00017858       ___free_lc_time            10018858 f   LIBCMT:inittime.obj
 0001:00017dc1       ___crtLCMapStringA         10018dc1 f   LIBCMT:a_map.obj
 0001:00017e05       __freea                    10018e05 f i LIBCMT:a_map.obj
 0001:00017f0f       ___crtGetStringTypeA       10018f0f f   LIBCMT:a_str.obj
 0001:00017f4d       ___raise_securityfailure   10018f4d f   LIBCMT:gs_report.obj
 0001:00017f8a       ___report_gsfailure        10018f8a f   LIBCMT:gs_report.obj
 0001:00018083       _realloc                   10019083 f   LIBCMT:realloc.obj
 0001:0001812e       __calloc_impl              1001912e f   LIBCMT:calloc_impl.obj
 0001:000181a8       __fcloseall                100191a8 f   LIBCMT:closeall.obj
 0001:00018245       __commit                   10019245 f   LIBCMT:commit.obj
 0001:0001832b       _open                      1001932b f   LIBCMT:open.obj
 0001:0001832b       __open                     1001932b f   LIBCMT:open.obj
 0001:000183d8       __sopen_helper             100193d8 f   LIBCMT:open.obj
 0001:0001849f       __sopen_nolock             1001949f f   LIBCMT:open.obj
 0001:000184eb       __sopen_s                  100194eb f   LIBCMT:open.obj
 0001:00018509       __mbsnbcmp                 10019509 f   LIBCMT:mbsnbcmp.obj
 0001:00018521       __mbsnbcmp_l               10019521 f   LIBCMT:mbsnbcmp.obj
 0001:00018636       __mbsnbicmp                10019636 f   LIBCMT:mbsnbicm.obj
 0001:0001864e       __mbsnbicmp_l              1001964e f   LIBCMT:mbsnbicm.obj
 0001:00018810       __global_unwind2           10019810 f   LIBCMT:exsup.obj
 0001:00018875       __local_unwind2            10019875 f   LIBCMT:exsup.obj
 0001:000188f9       __abnormal_termination     100198f9 f   LIBCMT:exsup.obj
 0001:0001891c       __NLG_Notify1              1001991c f   LIBCMT:exsup.obj
 0001:00018925       __NLG_Notify               10019925 f   LIBCMT:exsup.obj
 0001:0001893c       __NLG_Dispatch2            1001993c     LIBCMT:exsup.obj
 0001:0001893c       __NLG_Dispatch             1001993c     LIBCMT:exsup.obj
 0001:00018944       __NLG_Call                 10019944 f   LIBCMT:exsup.obj
 0001:00018946       __NLG_Return2              10019946     LIBCMT:exsup.obj
 0001:00018947       __VEC_memset               10019947 f   LIBCMT:p4_memset.obj
 0001:00018a0f       ___isa_available_init      10019a0f f   LIBCMT:cpu_disp.obj
 0001:00018b9e       __ismbblead                10019b9e f   LIBCMT:ismbbyte.obj
 0001:00018bb4       ___termconout              10019bb4 f   LIBCMT:initcon.obj
 0001:00018bcb       ___initconout              10019bcb f   LIBCMT:initcon.obj
 0001:00018bea       __msize                    10019bea f   LIBCMT:msize.obj
 0001:00018c1b       __fptrap                   10019c1b f   LIBCMT:crt0fp.obj
 0001:00018c24       _abort                     10019c24 f   LIBCMT:abort.obj
 0001:00018c67       _GetTableIndexFromLocaleName 10019c67 f   LIBCMT:winapinls.obj
 0001:00018cb5       ___crtDownlevelLocaleNameToLCID 10019cb5 f   LIBCMT:winapinls.obj
 0001:00018cdf       ___crtLCMapStringEx        10019cdf f   LIBCMT:winapinls.obj
 0001:00018d2b       ___wcsnicmp_ascii          10019d2b f   LIBCMT:winapinls.obj
 0001:00018d99       __locterm                  10019d99 f   LIBCMT:wsetloca.obj
 0001:00018df0       __alloca_probe_16          10019df0 f   LIBCMT:alloca16.obj
 0001:00018e06       __alloca_probe_8           10019e06     LIBCMT:alloca16.obj
 0001:00018e20       _strncmp                   10019e20 f   LIBCMT:strncmp.obj
 0001:00018e98       __strnicmp                 10019e98 f   LIBCMT:strnicmp.obj
 0001:00018f03       __strnicmp_l               10019f03 f   LIBCMT:strnicmp.obj
 0001:00018fc0       ___ascii_strnicmp          10019fc0 f   LIBCMT:_strnicm.obj
 0001:00019021       __tolower_l                1001a021 f   LIBCMT:tolower.obj
 0001:00019162       __isctype_l                1001a162 f   LIBCMT:isctype.obj
 0001:00019220       __allmul                   1001a220 f   LIBCMT:llmul.obj
 0001:00019254       _IsProcessorFeaturePresent@4 1001a254 f   kernel32:KERNEL32.dll
 0001:0001925a       _RtlUnwind@16              1001a25a f   kernel32:KERNEL32.dll
 0001:00019260       __alldiv                   1001a260 f   LIBCMT:lldiv.obj
 0002:00000000       __imp__CreateFileA@28      1001b000     kernel32:KERNEL32.dll
 0002:00000004       __imp__SetFilePointer@16   1001b004     kernel32:KERNEL32.dll
 0002:00000008       __imp__WriteFile@20        1001b008     kernel32:KERNEL32.dll
 0002:0000000c       __imp__ReadFile@20         1001b00c     kernel32:KERNEL32.dll
 0002:00000010       __imp__CreateFileW@28      1001b010     kernel32:KERNEL32.dll
 0002:00000014       __imp__GetLastError@0      1001b014     kernel32:KERNEL32.dll
 0002:00000018       __imp__CloseHandle@4       1001b018     kernel32:KERNEL32.dll
 0002:0000001c       __imp__SetFilePointerEx@20 1001b01c     kernel32:KERNEL32.dll
 0002:00000020       __imp__GetFileType@4       1001b020     kernel32:KERNEL32.dll
 0002:00000024       __imp__GetModuleHandleW@4  1001b024     kernel32:KERNEL32.dll
 0002:00000028       __imp__GetProcAddress@8    1001b028     kernel32:KERNEL32.dll
 0002:0000002c       __imp__HeapFree@12         1001b02c     kernel32:KERNEL32.dll
 0002:00000030       __imp__HeapAlloc@12        1001b030     kernel32:KERNEL32.dll
 0002:00000034       __imp__WideCharToMultiByte@32 1001b034     kernel32:KERNEL32.dll
 0002:00000038       __imp__GetSystemTimeAsFileTime@4 1001b038     kernel32:KERNEL32.dll
 0002:0000003c       __imp__GetCommandLineA@0   1001b03c     kernel32:KERNEL32.dll
 0002:00000040       __imp__GetCurrentThreadId@0 1001b040     kernel32:KERNEL32.dll
 0002:00000044       __imp__IsDebuggerPresent@0 1001b044     kernel32:KERNEL32.dll
 0002:00000048       __imp__EncodePointer@4     1001b048     kernel32:KERNEL32.dll
 0002:0000004c       __imp__DecodePointer@4     1001b04c     kernel32:KERNEL32.dll
 0002:00000050       __imp__IsProcessorFeaturePresent@4 1001b050     kernel32:KERNEL32.dll
 0002:00000054       __imp__SetStdHandle@8      1001b054     kernel32:KERNEL32.dll
 0002:00000058       __imp__EnterCriticalSection@4 1001b058     kernel32:KERNEL32.dll
 0002:0000005c       __imp__LeaveCriticalSection@4 1001b05c     kernel32:KERNEL32.dll
 0002:00000060       __imp__InitializeCriticalSectionAndSpinCount@8 1001b060     kernel32:KERNEL32.dll
 0002:00000064       __imp__GetStdHandle@4      1001b064     kernel32:KERNEL32.dll
 0002:00000068       __imp__DeleteCriticalSection@4 1001b068     kernel32:KERNEL32.dll
 0002:0000006c       __imp__GetStartupInfoW@4   1001b06c     kernel32:KERNEL32.dll
 0002:00000070       __imp__GetConsoleCP@0      1001b070     kernel32:KERNEL32.dll
 0002:00000074       __imp__GetConsoleMode@8    1001b074     kernel32:KERNEL32.dll
 0002:00000078       __imp__SetEndOfFile@4      1001b078     kernel32:KERNEL32.dll
 0002:0000007c       __imp__GetProcessHeap@0    1001b07c     kernel32:KERNEL32.dll
 0002:00000080       __imp__MultiByteToWideChar@24 1001b080     kernel32:KERNEL32.dll
 0002:00000084       __imp__ReadConsoleW@20     1001b084     kernel32:KERNEL32.dll
 0002:00000088       __imp__UnhandledExceptionFilter@4 1001b088     kernel32:KERNEL32.dll
 0002:0000008c       __imp__SetUnhandledExceptionFilter@4 1001b08c     kernel32:KERNEL32.dll
 0002:00000090       __imp__SetLastError@4      1001b090     kernel32:KERNEL32.dll
 0002:00000094       __imp__GetCurrentProcess@0 1001b094     kernel32:KERNEL32.dll
 0002:00000098       __imp__TerminateProcess@8  1001b098     kernel32:KERNEL32.dll
 0002:0000009c       __imp__TlsAlloc@0          1001b09c     kernel32:KERNEL32.dll
 0002:000000a0       __imp__TlsGetValue@4       1001b0a0     kernel32:KERNEL32.dll
 0002:000000a4       __imp__TlsSetValue@8       1001b0a4     kernel32:KERNEL32.dll
 0002:000000a8       __imp__TlsFree@4           1001b0a8     kernel32:KERNEL32.dll
 0002:000000ac       __imp__InterlockedDecrement@4 1001b0ac     kernel32:KERNEL32.dll
 0002:000000b0       __imp__ExitProcess@4       1001b0b0     kernel32:KERNEL32.dll
 0002:000000b4       __imp__GetModuleHandleExW@12 1001b0b4     kernel32:KERNEL32.dll
 0002:000000b8       __imp__AreFileApisANSI@0   1001b0b8     kernel32:KERNEL32.dll
 0002:000000bc       __imp__GetModuleFileNameW@12 1001b0bc     kernel32:KERNEL32.dll
 0002:000000c0       __imp__InterlockedIncrement@4 1001b0c0     kernel32:KERNEL32.dll
 0002:000000c4       __imp__IsValidCodePage@4   1001b0c4     kernel32:KERNEL32.dll
 0002:000000c8       __imp__GetACP@0            1001b0c8     kernel32:KERNEL32.dll
 0002:000000cc       __imp__GetOEMCP@0          1001b0cc     kernel32:KERNEL32.dll
 0002:000000d0       __imp__GetCPInfo@8         1001b0d0     kernel32:KERNEL32.dll
 0002:000000d4       __imp__Sleep@4             1001b0d4     kernel32:KERNEL32.dll
 0002:000000d8       __imp__RtlUnwind@16        1001b0d8     kernel32:KERNEL32.dll
 0002:000000dc       __imp__GetModuleFileNameA@12 1001b0dc     kernel32:KERNEL32.dll
 0002:000000e0       __imp__QueryPerformanceCounter@4 1001b0e0     kernel32:KERNEL32.dll
 0002:000000e4       __imp__GetCurrentProcessId@0 1001b0e4     kernel32:KERNEL32.dll
 0002:000000e8       __imp__GetEnvironmentStringsW@0 1001b0e8     kernel32:KERNEL32.dll
 0002:000000ec       __imp__FreeEnvironmentStringsW@4 1001b0ec     kernel32:KERNEL32.dll
 0002:000000f0       __imp__WriteConsoleW@20    1001b0f0     kernel32:KERNEL32.dll
 0002:000000f4       __imp__LoadLibraryExW@12   1001b0f4     kernel32:KERNEL32.dll
 0002:000000f8       __imp__OutputDebugStringW@4 1001b0f8     kernel32:KERNEL32.dll
 0002:000000fc       __imp__LoadLibraryW@4      1001b0fc     kernel32:KERNEL32.dll
 0002:00000100       __imp__GetStringTypeW@16   1001b100     kernel32:KERNEL32.dll
 0002:00000104       __imp__HeapReAlloc@16      1001b104     kernel32:KERNEL32.dll
 0002:00000108       __imp__FlushFileBuffers@4  1001b108     kernel32:KERNEL32.dll
 0002:0000010c       __imp__HeapSize@12         1001b10c     kernel32:KERNEL32.dll
 0002:00000110       __imp__LCMapStringW@24     1001b110     kernel32:KERNEL32.dll
 0002:00000114       \177KERNEL32_NULL_THUNK_DATA 1001b114     kernel32:KERNEL32.dll
 0002:00000118       ___xc_a                    1001b118     LIBCMT:crt0init.obj
 0002:0000011c       ___xc_z                    1001b11c     LIBCMT:crt0init.obj
 0002:00000120       ___xi_a                    1001b120     LIBCMT:crt0init.obj
 0002:00000134       ___xi_z                    1001b134     LIBCMT:crt0init.obj
 0002:00000138       ___xp_a                    1001b138     LIBCMT:crt0init.obj
 0002:00000148       ___xp_z                    1001b148     LIBCMT:crt0init.obj
 0002:0000014c       ___xt_a                    1001b14c     LIBCMT:crt0init.obj
 0002:00000150       ___xt_z                    1001b150     LIBCMT:crt0init.obj
 0002:00000158       ??_C@_0M@HHGEPIBF@CreateFile2?$AA@ 1001b158     LIBCMT:wopen.obj
 0002:00000164       ??_C@_1BK@MGMFAEKH@?$AAk?$AAe?$AAr?$AAn?$AAe?$AAl?$AA3?$AA2?$AA?4?$AAd?$AAl?$AAl?$AA?$AA@ 1001b164     LIBCMT:wopen.obj
 0002:00000180       ??_C@_0EA@FCLIIPNN@Visual?5C?$CL?$CL?5CRT?3?5Not?5enough?5memor@ 1001b180     LIBCMT:strerror.obj
 0002:000001c0       __pRawDllMain              1001b1c0     LIBCMT:dllcrt0.obj
 0002:000001c0       __pDefaultRawDllMain       1001b1c0     LIBCMT:dllcrt0.obj
 0002:000001c4       ??_C@_08KNHFBNJ@FlsAlloc?$AA@ 1001b1c4     LIBCMT:winapisupp.obj
 0002:000001d0       ??_C@_07PEJMOBNF@FlsFree?$AA@ 1001b1d0     LIBCMT:winapisupp.obj
 0002:000001d8       ??_C@_0M@GDNOONDI@FlsGetValue?$AA@ 1001b1d8     LIBCMT:winapisupp.obj
 0002:000001e4       ??_C@_0M@JCPCPOEF@FlsSetValue?$AA@ 1001b1e4     LIBCMT:winapisupp.obj
 0002:000001f0       ??_C@_0BM@HCFOFFN@InitializeCriticalSectionEx?$AA@ 1001b1f0     LIBCMT:winapisupp.obj
 0002:0000020c       ??_C@_0BD@KIEEOEEH@CreateSemaphoreExW?$AA@ 1001b20c     LIBCMT:winapisupp.obj
 0002:00000220       ??_C@_0BI@BKLFFAPO@SetThreadStackGuarantee?$AA@ 1001b220     LIBCMT:winapisupp.obj
 0002:00000238       ??_C@_0BG@OGFAJCKC@CreateThreadpoolTimer?$AA@ 1001b238     LIBCMT:winapisupp.obj
 0002:00000250       ??_C@_0BD@LPLEMMDI@SetThreadpoolTimer?$AA@ 1001b250     LIBCMT:winapisupp.obj
 0002:00000264       ??_C@_0CA@FMNJENH@WaitForThreadpoolTimerCallbacks?$AA@ 1001b264     LIBCMT:winapisupp.obj
 0002:00000284       ??_C@_0BF@DCFCCNOC@CloseThreadpoolTimer?$AA@ 1001b284     LIBCMT:winapisupp.obj
 0002:0000029c       ??_C@_0BF@FLABGKKM@CreateThreadpoolWait?$AA@ 1001b29c     LIBCMT:winapisupp.obj
 0002:000002b4       ??_C@_0BC@MGCOHNA@SetThreadpoolWait?$AA@ 1001b2b4     LIBCMT:winapisupp.obj
 0002:000002c8       ??_C@_0BE@OCIOMIMP@CloseThreadpoolWait?$AA@ 1001b2c8     LIBCMT:winapisupp.obj
 0002:000002dc       ??_C@_0BJ@LKGHFHBO@FlushProcessWriteBuffers?$AA@ 1001b2dc     LIBCMT:winapisupp.obj
 0002:000002f8       ??_C@_0BP@KALKKPMO@FreeLibraryWhenCallbackReturns?$AA@ 1001b2f8     LIBCMT:winapisupp.obj
 0002:00000318       ??_C@_0BK@DFNBACLA@GetCurrentProcessorNumber?$AA@ 1001b318     LIBCMT:winapisupp.obj
 0002:00000334       ??_C@_0BP@KHGALBC@GetLogicalProcessorInformation?$AA@ 1001b334     LIBCMT:winapisupp.obj
 0002:00000354       ??_C@_0BE@FKKLLFLM@CreateSymbolicLinkW?$AA@ 1001b354     LIBCMT:winapisupp.obj
 0002:00000368       ??_C@_0BJ@OHNKDLIJ@SetDefaultDllDirectories?$AA@ 1001b368     LIBCMT:winapisupp.obj
 0002:00000384       ??_C@_0BE@LJANKFHF@EnumSystemLocalesEx?$AA@ 1001b384     LIBCMT:winapisupp.obj
 0002:00000398       ??_C@_0BA@IHGNDAEB@CompareStringEx?$AA@ 1001b398     LIBCMT:winapisupp.obj
 0002:000003a8       ??_C@_0BA@EPCJIIPD@GetDateFormatEx?$AA@ 1001b3a8     LIBCMT:winapisupp.obj
 0002:000003b8       ??_C@_0BA@ONOKGCMP@GetLocaleInfoEx?$AA@ 1001b3b8     LIBCMT:winapisupp.obj
 0002:000003c8       ??_C@_0BA@CIJJKCJJ@GetTimeFormatEx?$AA@ 1001b3c8     LIBCMT:winapisupp.obj
 0002:000003d8       ??_C@_0BJ@PBCCBIPI@GetUserDefaultLocaleName?$AA@ 1001b3d8     LIBCMT:winapisupp.obj
 0002:000003f4       ??_C@_0BC@CELBKLLA@IsValidLocaleName?$AA@ 1001b3f4     LIBCMT:winapisupp.obj
 0002:00000408       ??_C@_0O@KKBNKAPF@LCMapStringEx?$AA@ 1001b408     LIBCMT:winapisupp.obj
 0002:00000418       ??_C@_0BE@JOGNEJCI@GetCurrentPackageId?$AA@ 1001b418     LIBCMT:winapisupp.obj
 0002:0000042c       ??_C@_1BI@BGOHAHKC@?$AAm?$AAs?$AAc?$AAo?$AAr?$AAe?$AAe?$AA?4?$AAd?$AAl?$AAl?$AA?$AA@ 1001b42c     LIBCMT:crt0dat.obj
 0002:00000444       ??_C@_0P@MIGLKIOC@CorExitProcess?$AA@ 1001b444     LIBCMT:crt0dat.obj
 0002:00000458       ??_C@_1FE@LLNEDJMD@?$AAR?$AA6?$AA0?$AA0?$AA8?$AA?$AN?$AA?6?$AA?9?$AA?5?$AAn?$AAo?$AAt?$AA?5?$AAe?$AAn?$AAo?$AAu?$AAg?$AAh?$AA?5?$AAs?$AAp?$AAa?$AAc?$AAe?$AA?5?$AAf?$AAo?$AAr?$AA?5?$AAa?$AAr@ 1001b458     LIBCMT:crt0msg.obj
 0002:000004b0       ??_C@_1FI@HONFMGBI@?$AAR?$AA6?$AA0?$AA0?$AA9?$AA?$AN?$AA?6?$AA?9?$AA?5?$AAn?$AAo?$AAt?$AA?5?$AAe?$AAn?$AAo?$AAu?$AAg?$AAh?$AA?5?$AAs?$AAp?$AAa?$AAc?$AAe?$AA?5?$AAf?$AAo?$AAr?$AA?5?$AAe?$AAn@ 1001b4b0     LIBCMT:crt0msg.obj
 0002:00000508       ??_C@_1EG@BEHAGFJD@?$AAR?$AA6?$AA0?$AA1?$AA0?$AA?$AN?$AA?6?$AA?9?$AA?5?$AAa?$AAb?$AAo?$AAr?$AAt?$AA?$CI?$AA?$CJ?$AA?5?$AAh?$AAa?$AAs?$AA?5?$AAb?$AAe?$AAe?$AAn?$AA?5?$AAc?$AAa?$AAl?$AAl?$AAe?$AAd@ 1001b508     LIBCMT:crt0msg.obj
 0002:00000550       ??_C@_1FI@LOGNIKDM@?$AAR?$AA6?$AA0?$AA1?$AA6?$AA?$AN?$AA?6?$AA?9?$AA?5?$AAn?$AAo?$AAt?$AA?5?$AAe?$AAn?$AAo?$AAu?$AAg?$AAh?$AA?5?$AAs?$AAp?$AAa?$AAc?$AAe?$AA?5?$AAf?$AAo?$AAr?$AA?5?$AAt?$AAh@ 1001b550     LIBCMT:crt0msg.obj
 0002:000005a8       ??_C@_1FK@BEOGODMC@?$AAR?$AA6?$AA0?$AA1?$AA7?$AA?$AN?$AA?6?$AA?9?$AA?5?$AAu?$AAn?$AAe?$AAx?$AAp?$AAe?$AAc?$AAt?$AAe?$AAd?$AA?5?$AAm?$AAu?$AAl?$AAt?$AAi?$AAt?$AAh?$AAr?$AAe?$AAa?$AAd?$AA?5@ 1001b5a8     LIBCMT:crt0msg.obj
 0002:00000608       ??_C@_1EC@JIBHAOPH@?$AAR?$AA6?$AA0?$AA1?$AA8?$AA?$AN?$AA?6?$AA?9?$AA?5?$AAu?$AAn?$AAe?$AAx?$AAp?$AAe?$AAc?$AAt?$AAe?$AAd?$AA?5?$AAh?$AAe?$AAa?$AAp?$AA?5?$AAe?$AAr?$AAr?$AAo?$AAr?$AA?$AN?$AA?6@ 1001b608     LIBCMT:crt0msg.obj
 0002:00000650       ??_C@_1FC@ECHBIFBC@?$AAR?$AA6?$AA0?$AA1?$AA9?$AA?$AN?$AA?6?$AA?9?$AA?5?$AAu?$AAn?$AAa?$AAb?$AAl?$AAe?$AA?5?$AAt?$AAo?$AA?5?$AAo?$AAp?$AAe?$AAn?$AA?5?$AAc?$AAo?$AAn?$AAs?$AAo?$AAl?$AAe?$AA?5@ 1001b650     LIBCMT:crt0msg.obj
 0002:000006a8       ??_C@_1GK@FHCKBEFA@?$AAR?$AA6?$AA0?$AA2?$AA4?$AA?$AN?$AA?6?$AA?9?$AA?5?$AAn?$AAo?$AAt?$AA?5?$AAe?$AAn?$AAo?$AAu?$AAg?$AAh?$AA?5?$AAs?$AAp?$AAa?$AAc?$AAe?$AA?5?$AAf?$AAo?$AAr?$AA?5?$AA_?$AAo@ 1001b6a8     LIBCMT:crt0msg.obj
 0002:00000718       ??_C@_1EM@MAADIHMB@?$AAR?$AA6?$AA0?$AA2?$AA5?$AA?$AN?$AA?6?$AA?9?$AA?5?$AAp?$AAu?$AAr?$AAe?$AA?5?$AAv?$AAi?$AAr?$AAt?$AAu?$AAa?$AAl?$AA?5?$AAf?$AAu?$AAn?$AAc?$AAt?$AAi?$AAo?$AAn?$AA?5?$AAc@ 1001b718     LIBCMT:crt0msg.obj
 0002:00000768       ??_C@_1GK@MCAAGJMO@?$AAR?$AA6?$AA0?$AA2?$AA6?$AA?$AN?$AA?6?$AA?9?$AA?5?$AAn?$AAo?$AAt?$AA?5?$AAe?$AAn?$AAo?$AAu?$AAg?$AAh?$AA?5?$AAs?$AAp?$AAa?$AAc?$AAe?$AA?5?$AAf?$AAo?$AAr?$AA?5?$AAs?$AAt@ 1001b768     LIBCMT:crt0msg.obj
 0002:000007d8       ??_C@_1GK@MFGOKLAG@?$AAR?$AA6?$AA0?$AA2?$AA7?$AA?$AN?$AA?6?$AA?9?$AA?5?$AAn?$AAo?$AAt?$AA?5?$AAe?$AAn?$AAo?$AAu?$AAg?$AAh?$AA?5?$AAs?$AAp?$AAa?$AAc?$AAe?$AA?5?$AAf?$AAo?$AAr?$AA?5?$AAl?$AAo@ 1001b7d8     LIBCMT:crt0msg.obj
 0002:00000848       ??_C@_1EK@HHFLMAOL@?$AAR?$AA6?$AA0?$AA2?$AA8?$AA?$AN?$AA?6?$AA?9?$AA?5?$AAu?$AAn?$AAa?$AAb?$AAl?$AAe?$AA?5?$AAt?$AAo?$AA?5?$AAi?$AAn?$AAi?$AAt?$AAi?$AAa?$AAl?$AAi?$AAz?$AAe?$AA?5?$AAh?$AAe@ 1001b848     LIBCMT:crt0msg.obj
 0002:00000894       ??_C@_1DO@BMFCDCD@?$AAR?$AA6?$AA0?$AA3?$AA0?$AA?$AN?$AA?6?$AA?9?$AA?5?$AAC?$AAR?$AAT?$AA?5?$AAn?$AAo?$AAt?$AA?5?$AAi?$AAn?$AAi?$AAt?$AAi?$AAa?$AAl?$AAi?$AAz?$AAe?$AAd?$AA?$AN?$AA?6?$AA?$AA@ 1001b894     LIBCMT:crt0msg.obj
 0002:000008d8       ??_C@_1MG@ENCOOIDF@?$AAR?$AA6?$AA0?$AA3?$AA1?$AA?$AN?$AA?6?$AA?9?$AA?5?$AAA?$AAt?$AAt?$AAe?$AAm?$AAp?$AAt?$AA?5?$AAt?$AAo?$AA?5?$AAi?$AAn?$AAi?$AAt?$AAi?$AAa?$AAl?$AAi?$AAz?$AAe?$AA?5?$AAt@ 1001b8d8     LIBCMT:crt0msg.obj
 0002:000009a0       ??_C@_1GG@GOPILAJP@?$AAR?$AA6?$AA0?$AA3?$AA2?$AA?$AN?$AA?6?$AA?9?$AA?5?$AAn?$AAo?$AAt?$AA?5?$AAe?$AAn?$AAo?$AAu?$AAg?$AAh?$AA?5?$AAs?$AAp?$AAa?$AAc?$AAe?$AA?5?$AAf?$AAo?$AAr?$AA?5?$AAl?$AAo@ 1001b9a0     LIBCMT:crt0msg.obj
 0002:00000a08       ??_C@_1BOO@KGEDBGAJ@?$AAR?$AA6?$AA0?$AA3?$AA3?$AA?$AN?$AA?6?$AA?9?$AA?5?$AAA?$AAt?$AAt?$AAe?$AAm?$AAp?$AAt?$AA?5?$AAt?$AAo?$AA?5?$AAu?$AAs?$AAe?$AA?5?$AAM?$AAS?$AAI?$AAL?$AA?5?$AAc?$AAo?$AAd@ 1001ba08     LIBCMT:crt0msg.obj
 0002:00000bf8       ??_C@_1GG@MKFPEKFO@?$AAR?$AA6?$AA0?$AA3?$AA4?$AA?$AN?$AA?6?$AA?9?$AA?5?$AAi?$AAn?$AAc?$AAo?$AAn?$AAs?$AAi?$AAs?$AAt?$AAe?$AAn?$AAt?$AA?5?$AAo?$AAn?$AAe?$AAx?$AAi?$AAt?$AA?5?$AAb?$AAe?$AAg@ 1001bbf8     LIBCMT:crt0msg.obj
 0002:00000c60       ??_C@_1BO@BFCDCGC@?$AAD?$AAO?$AAM?$AAA?$AAI?$AAN?$AA?5?$AAe?$AAr?$AAr?$AAo?$AAr?$AA?$AN?$AA?6?$AA?$AA@ 1001bc60     LIBCMT:crt0msg.obj
 0002:00000c80       ??_C@_1BK@KMOMNAAI@?$AAS?$AAI?$AAN?$AAG?$AA?5?$AAe?$AAr?$AAr?$AAo?$AAr?$AA?$AN?$AA?6?$AA?$AA@ 1001bc80     LIBCMT:crt0msg.obj
 0002:00000c9c       ??_C@_1BM@JBBEPPHI@?$AAT?$AAL?$AAO?$AAS?$AAS?$AA?5?$AAe?$AAr?$AAr?$AAo?$AAr?$AA?$AN?$AA?6?$AA?$AA@ 1001bc9c     LIBCMT:crt0msg.obj
 0002:00000cb8       ??_C@_15JNBOKNOG@?$AA?$AN?$AA?6?$AA?$AA@ 1001bcb8     LIBCMT:crt0msg.obj
 0002:00000cc0       ??_C@_1BO@BKOMIGKJ@?$AAr?$AAu?$AAn?$AAt?$AAi?$AAm?$AAe?$AA?5?$AAe?$AAr?$AAr?$AAo?$AAr?$AA?5?$AA?$AA@ 1001bcc0     LIBCMT:crt0msg.obj
 0002:00000d98       ??_C@_1FK@PGACCAFB@?$AAR?$AA6?$AA0?$AA0?$AA2?$AA?$AN?$AA?6?$AA?9?$AA?5?$AAf?$AAl?$AAo?$AAa?$AAt?$AAi?$AAn?$AAg?$AA?5?$AAp?$AAo?$AAi?$AAn?$AAt?$AA?5?$AAs?$AAu?$AAp?$AAp?$AAo?$AAr?$AAt?$AA?5@ 1001bd98     LIBCMT:crt0msg.obj
 0002:00000df4       ??_C@_1DE@JNGNBFGO@?$AAR?$AAu?$AAn?$AAt?$AAi?$AAm?$AAe?$AA?5?$AAE?$AAr?$AAr?$AAo?$AAr?$AA?$CB?$AA?6?$AA?6?$AAP?$AAr?$AAo?$AAg?$AAr?$AAa?$AAm?$AA?3?$AA?5?$AA?$AA@ 1001bdf4     LIBCMT:crt0msg.obj
 0002:00000e28       ??_C@_1CO@EAEJAADC@?$AA?$DM?$AAp?$AAr?$AAo?$AAg?$AAr?$AAa?$AAm?$AA?5?$AAn?$AAa?$AAm?$AAe?$AA?5?$AAu?$AAn?$AAk?$AAn?$AAo?$AAw?$AAn?$AA?$DO?$AA?$AA@ 1001be28     LIBCMT:crt0msg.obj
 0002:00000e58       ??_C@_17LGKOMLJ@?$AA?4?$AA?4?$AA?4?$AA?$AA@ 1001be58     LIBCMT:crt0msg.obj
 0002:00000e60       ??_C@_15IABLJNFO@?$AA?6?$AA?6?$AA?$AA@ 1001be60     LIBCMT:crt0msg.obj
 0002:00000e68       ??_C@_1EK@MBDPDCGA@?$AAM?$AAi?$AAc?$AAr?$AAo?$AAs?$AAo?$AAf?$AAt?$AA?5?$AAV?$AAi?$AAs?$AAu?$AAa?$AAl?$AA?5?$AAC?$AA?$CL?$AA?$CL?$AA?5?$AAR?$AAu?$AAn?$AAt?$AAi?$AAm?$AAe?$AA?5?$AAL?$AAi?$AAb@ 1001be68     LIBCMT:crt0msg.obj
 0002:00000eb4       ??_C@_06OJHGLDPL@?$CInull?$CJ?$AA@ 1001beb4     LIBCMT:output.obj
 0002:00000ebc       ??_C@_1O@CEDCILHN@?$AA?$CI?$AAn?$AAu?$AAl?$AAl?$AA?$CJ?$AA?$AA@ 1001bebc     LIBCMT:output.obj
 0002:00000ed0       ___lookuptable             1001bed0     LIBCMT:output.obj
 0002:00000f3c       ??_C@_1M@HPNHIDJI@?$AAj?$AAa?$AA?9?$AAJ?$AAP?$AA?$AA@ 1001bf3c     LIBCMT:mbctype.obj
 0002:00000f48       ??_C@_1M@BIBDDEMK@?$AAz?$AAh?$AA?9?$AAC?$AAN?$AA?$AA@ 1001bf48     LIBCMT:mbctype.obj
 0002:00000f54       ??_C@_1M@JLOOOEGK@?$AAk?$AAo?$AA?9?$AAK?$AAR?$AA?$AA@ 1001bf54     LIBCMT:mbctype.obj
 0002:00000f60       ??_C@_1M@CLNBBOPM@?$AAz?$AAh?$AA?9?$AAT?$AAW?$AA?$AA@ 1001bf60     LIBCMT:mbctype.obj
 0002:00000f6c       ??_C@_03KOEHGMDN@Sun?$AA@  1001bf6c     LIBCMT:nlsdata.obj
 0002:00000f70       ??_C@_03PDAGKDH@Mon?$AA@   1001bf70     LIBCMT:nlsdata.obj
 0002:00000f74       ??_C@_03NAGEINEP@Tue?$AA@  1001bf74     LIBCMT:nlsdata.obj
 0002:00000f78       ??_C@_03MHOMLAJA@Wed?$AA@  1001bf78     LIBCMT:nlsdata.obj
 0002:00000f7c       ??_C@_03IOFIKPDN@Thu?$AA@  1001bf7c     LIBCMT:nlsdata.obj
 0002:00000f80       ??_C@_03IDIOELNC@Fri?$AA@  1001bf80     LIBCMT:nlsdata.obj
 0002:00000f84       ??_C@_03FEFJNEK@Sat?$AA@   1001bf84     LIBCMT:nlsdata.obj
 0002:00000f88       ??_C@_06OOPIFAJ@Sunday?$AA@ 1001bf88     LIBCMT:nlsdata.obj
 0002:00000f90       ??_C@_06JLEDEDGH@Monday?$AA@ 1001bf90     LIBCMT:nlsdata.obj
 0002:00000f98       ??_C@_07BAAGCFCM@Tuesday?$AA@ 1001bf98     LIBCMT:nlsdata.obj
 0002:00000fa0       ??_C@_09DLIGFAKA@Wednesday?$AA@ 1001bfa0     LIBCMT:nlsdata.obj
 0002:00000fac       ??_C@_08HACCIKIA@Thursday?$AA@ 1001bfac     LIBCMT:nlsdata.obj
 0002:00000fb8       ??_C@_06JECMNKMI@Friday?$AA@ 1001bfb8     LIBCMT:nlsdata.obj
 0002:00000fc0       ??_C@_08INBOOONO@Saturday?$AA@ 1001bfc0     LIBCMT:nlsdata.obj
 0002:00000fcc       ??_C@_03JIHJHPIE@Jan?$AA@  1001bfcc     LIBCMT:nlsdata.obj
 0002:00000fd0       ??_C@_03HJBDCHOM@Feb?$AA@  1001bfd0     LIBCMT:nlsdata.obj
 0002:00000fd4       ??_C@_03ODNJBKGA@Mar?$AA@  1001bfd4     LIBCMT:nlsdata.obj
 0002:00000fd8       ??_C@_03LEOLGMJP@Apr?$AA@  1001bfd8     LIBCMT:nlsdata.obj
 0002:00000fdc       ??_C@_03CNMDKL@May?$AA@    1001bfdc     LIBCMT:nlsdata.obj
 0002:00000fe0       ??_C@_03IDFGHECI@Jun?$AA@  1001bfe0     LIBCMT:nlsdata.obj
 0002:00000fe4       ??_C@_03LBGABGKK@Jul?$AA@  1001bfe4     LIBCMT:nlsdata.obj
 0002:00000fe8       ??_C@_03IFJFEIGA@Aug?$AA@  1001bfe8     LIBCMT:nlsdata.obj
 0002:00000fec       ??_C@_03GGCAPAJC@Sep?$AA@  1001bfec     LIBCMT:nlsdata.obj
 0002:00000ff0       ??_C@_03BMAOKBAD@Oct?$AA@  1001bff0     LIBCMT:nlsdata.obj
 0002:00000ff4       ??_C@_03JPJOFNIA@Nov?$AA@  1001bff4     LIBCMT:nlsdata.obj
 0002:00000ff8       ??_C@_03MKABNOCG@Dec?$AA@  1001bff8     LIBCMT:nlsdata.obj
 0002:00000ffc       ??_C@_07CGJPFGJA@January?$AA@ 1001bffc     LIBCMT:nlsdata.obj
 0002:00001004       ??_C@_08GNJGEPFN@February?$AA@ 1001c004     LIBCMT:nlsdata.obj
 0002:00001010       ??_C@_05HPCKOFNC@March?$AA@ 1001c010     LIBCMT:nlsdata.obj
 0002:00001018       ??_C@_05DMJDNLEJ@April?$AA@ 1001c018     LIBCMT:nlsdata.obj
 0002:00001020       ??_C@_04CNLMGBGM@June?$AA@ 1001c020     LIBCMT:nlsdata.obj
 0002:00001028       ??_C@_04MIEPOIFP@July?$AA@ 1001c028     LIBCMT:nlsdata.obj
 0002:00001030       ??_C@_06LBBHFDDG@August?$AA@ 1001c030     LIBCMT:nlsdata.obj
 0002:00001038       ??_C@_09BHHEALKD@September?$AA@ 1001c038     LIBCMT:nlsdata.obj
 0002:00001044       ??_C@_07JJNFCEND@October?$AA@ 1001c044     LIBCMT:nlsdata.obj
 0002:0000104c       ??_C@_08HCHEGEOA@November?$AA@ 1001c04c     LIBCMT:nlsdata.obj
 0002:00001058       ??_C@_08EDHMEBNP@December?$AA@ 1001c058     LIBCMT:nlsdata.obj
 0002:00001064       ??_C@_02DEDBPAFC@AM?$AA@   1001c064     LIBCMT:nlsdata.obj
 0002:00001068       ??_C@_02CJNFDJBF@PM?$AA@   1001c068     LIBCMT:nlsdata.obj
 0002:0000106c       ??_C@_08BPBNCDIB@MM?1dd?1yy?$AA@ 1001c06c     LIBCMT:nlsdata.obj
 0002:00001078       ??_C@_0BE@CKGJFCPC@dddd?0?5MMMM?5dd?0?5yyyy?$AA@ 1001c078     LIBCMT:nlsdata.obj
 0002:0000108c       ??_C@_08JCCMCCIL@HH?3mm?3ss?$AA@ 1001c08c     LIBCMT:nlsdata.obj
 0002:00001098       ??_C@_17MBGCMIPB@?$AAS?$AAu?$AAn?$AA?$AA@ 1001c098     LIBCMT:nlsdata.obj
 0002:000010a0       ??_C@_17KBOMKBF@?$AAM?$AAo?$AAn?$AA?$AA@ 1001c0a0     LIBCMT:nlsdata.obj
 0002:000010a8       ??_C@_17BMKGEGOJ@?$AAT?$AAu?$AAe?$AA?$AA@ 1001c0a8     LIBCMT:nlsdata.obj
 0002:000010b0       ??_C@_17CJEDCEPE@?$AAW?$AAe?$AAd?$AA?$AA@ 1001c0b0     LIBCMT:nlsdata.obj
 0002:000010b8       ??_C@_17PDPHAADD@?$AAT?$AAh?$AAu?$AA?$AA@ 1001c0b8     LIBCMT:nlsdata.obj
 0002:000010c0       ??_C@_17HFOLPPLP@?$AAF?$AAr?$AAi?$AA?$AA@ 1001c0c0     LIBCMT:nlsdata.obj
 0002:000010c8       ??_C@_17GGIBDPIH@?$AAS?$AAa?$AAt?$AA?$AA@ 1001c0c8     LIBCMT:nlsdata.obj
 0002:000010d0       ??_C@_1O@IHNHDHPB@?$AAS?$AAu?$AAn?$AAd?$AAa?$AAy?$AA?$AA@ 1001c0d0     LIBCMT:nlsdata.obj
 0002:000010e0       ??_C@_1O@MMNBFLIA@?$AAM?$AAo?$AAn?$AAd?$AAa?$AAy?$AA?$AA@ 1001c0e0     LIBCMT:nlsdata.obj
 0002:000010f0       ??_C@_1BA@ENFBFFEK@?$AAT?$AAu?$AAe?$AAs?$AAd?$AAa?$AAy?$AA?$AA@ 1001c0f0     LIBCMT:nlsdata.obj
 0002:00001100       ??_C@_1BE@EBOGMDOH@?$AAW?$AAe?$AAd?$AAn?$AAe?$AAs?$AAd?$AAa?$AAy?$AA?$AA@ 1001c100     LIBCMT:nlsdata.obj
 0002:00001114       ??_C@_1BC@HHMNLIHE@?$AAT?$AAh?$AAu?$AAr?$AAs?$AAd?$AAa?$AAy?$AA?$AA@ 1001c114     LIBCMT:nlsdata.obj
 0002:00001128       ??_C@_1O@PDICJHAG@?$AAF?$AAr?$AAi?$AAd?$AAa?$AAy?$AA?$AA@ 1001c128     LIBCMT:nlsdata.obj
 0002:00001138       ??_C@_1BC@ENMNNPAJ@?$AAS?$AAa?$AAt?$AAu?$AAr?$AAd?$AAa?$AAy?$AA?$AA@ 1001c138     LIBCMT:nlsdata.obj
 0002:0000114c       ??_C@_17DKNBKCHM@?$AAJ?$AAa?$AAn?$AA?$AA@ 1001c14c     LIBCMT:nlsdata.obj
 0002:00001154       ??_C@_17LMDJEKJN@?$AAF?$AAe?$AAb?$AA?$AA@ 1001c154     LIBCMT:nlsdata.obj
 0002:0000115c       ??_C@_17CKNLEDEC@?$AAM?$AAa?$AAr?$AA?$AA@ 1001c15c     LIBCMT:nlsdata.obj
 0002:00001164       ??_C@_17LFPOIHDD@?$AAA?$AAp?$AAr?$AA?$AA@ 1001c164     LIBCMT:nlsdata.obj
 0002:0000116c       ??_C@_17PNNKMEED@?$AAM?$AAa?$AAy?$AA?$AA@ 1001c16c     LIBCMT:nlsdata.obj
 0002:00001174       ??_C@_17KCJGOCPB@?$AAJ?$AAu?$AAn?$AA?$AA@ 1001c174     LIBCMT:nlsdata.obj
 0002:0000117c       ??_C@_17IJPCKHK@?$AAJ?$AAu?$AAl?$AA?$AA@ 1001c17c     LIBCMT:nlsdata.obj
 0002:00001184       ??_C@_17ICPELBCN@?$AAA?$AAu?$AAg?$AA?$AA@ 1001c184     LIBCMT:nlsdata.obj
 0002:0000118c       ??_C@_17HCHCOKMG@?$AAS?$AAe?$AAp?$AA?$AA@ 1001c18c     LIBCMT:nlsdata.obj
 0002:00001194       ??_C@_17FNLKOI@?$AAO?$AAc?$AAt?$AA?$AA@ 1001c194     LIBCMT:nlsdata.obj
 0002:0000119c       ??_C@_17BBDMLCIG@?$AAN?$AAo?$AAv?$AA?$AA@ 1001c19c     LIBCMT:nlsdata.obj
 0002:000011a4       ??_C@_17EGKACKIF@?$AAD?$AAe?$AAc?$AA?$AA@ 1001c1a4     LIBCMT:nlsdata.obj
 0002:000011ac       ??_C@_1BA@EFMEIEBA@?$AAJ?$AAa?$AAn?$AAu?$AAa?$AAr?$AAy?$AA?$AA@ 1001c1ac     LIBCMT:nlsdata.obj
 0002:000011bc       ??_C@_1BC@JGDDFFAM@?$AAF?$AAe?$AAb?$AAr?$AAu?$AAa?$AAr?$AAy?$AA?$AA@ 1001c1bc     LIBCMT:nlsdata.obj
 0002:000011d0       ??_C@_1M@IKEENEDF@?$AAM?$AAa?$AAr?$AAc?$AAh?$AA?$AA@ 1001c1d0     LIBCMT:nlsdata.obj
 0002:000011dc       ??_C@_1M@GJNLMHFD@?$AAA?$AAp?$AAr?$AAi?$AAl?$AA?$AA@ 1001c1dc     LIBCMT:nlsdata.obj
 0002:000011e8       ??_C@_19EPFLPGAP@?$AAJ?$AAu?$AAn?$AAe?$AA?$AA@ 1001c1e8     LIBCMT:nlsdata.obj
 0002:000011f4       ??_C@_19BIFMLPCD@?$AAJ?$AAu?$AAl?$AAy?$AA?$AA@ 1001c1f4     LIBCMT:nlsdata.obj
 0002:00001200       ??_C@_1O@PAHLKOAC@?$AAA?$AAu?$AAg?$AAu?$AAs?$AAt?$AA?$AA@ 1001c200     LIBCMT:nlsdata.obj
 0002:00001210       ??_C@_1BE@DKAAMBJL@?$AAS?$AAe?$AAp?$AAt?$AAe?$AAm?$AAb?$AAe?$AAr?$AA?$AA@ 1001c210     LIBCMT:nlsdata.obj
 0002:00001224       ??_C@_1BA@EPANDLNG@?$AAO?$AAc?$AAt?$AAo?$AAb?$AAe?$AAr?$AA?$AA@ 1001c224     LIBCMT:nlsdata.obj
 0002:00001234       ??_C@_1BC@BGLIFPF@?$AAN?$AAo?$AAv?$AAe?$AAm?$AAb?$AAe?$AAr?$AA?$AA@ 1001c234     LIBCMT:nlsdata.obj
 0002:00001248       ??_C@_1BC@FEMKIFH@?$AAD?$AAe?$AAc?$AAe?$AAm?$AAb?$AAe?$AAr?$AA?$AA@ 1001c248     LIBCMT:nlsdata.obj
 0002:0000125c       ??_C@_15ODEHAHHF@?$AAA?$AAM?$AA?$AA@ 1001c25c     LIBCMT:nlsdata.obj
 0002:00001264       ??_C@_15CLMNNGEL@?$AAP?$AAM?$AA?$AA@ 1001c264     LIBCMT:nlsdata.obj
 0002:0000126c       ??_C@_1BC@IEBCMHCM@?$AAM?$AAM?$AA?1?$AAd?$AAd?$AA?1?$AAy?$AAy?$AA?$AA@ 1001c26c     LIBCMT:nlsdata.obj
 0002:00001280       ??_C@_1CI@KNAKOEBC@?$AAd?$AAd?$AAd?$AAd?$AA?0?$AA?5?$AAM?$AAM?$AAM?$AAM?$AA?5?$AAd?$AAd?$AA?0?$AA?5?$AAy?$AAy?$AAy?$AAy?$AA?$AA@ 1001c280     LIBCMT:nlsdata.obj
 0002:000012a8       ??_C@_1BC@GDGBMEMK@?$AAH?$AAH?$AA?3?$AAm?$AAm?$AA?3?$AAs?$AAs?$AA?$AA@ 1001c2a8     LIBCMT:nlsdata.obj
 0002:000012bc       ??_C@_1M@BMHNFIME@?$AAe?$AAn?$AA?9?$AAU?$AAS?$AA?$AA@ 1001c2bc     LIBCMT:nlsdata.obj
 0002:000012c8       __sys_errlist              1001c2c8     LIBCMT:syserr.obj
 0002:00001378       ??_C@_08INEPGKHH@No?5error?$AA@ 1001c378     LIBCMT:syserr.obj
 0002:00001384       ??_C@_0BI@BJFCGOHL@Operation?5not?5permitted?$AA@ 1001c384     LIBCMT:syserr.obj
 0002:0000139c       ??_C@_0BK@FMDHKPNF@No?5such?5file?5or?5directory?$AA@ 1001c39c     LIBCMT:syserr.obj
 0002:000013b8       ??_C@_0BA@FKIAIBGA@No?5such?5process?$AA@ 1001c3b8     LIBCMT:syserr.obj
 0002:000013c8       ??_C@_0BK@FJBOAFDK@Interrupted?5function?5call?$AA@ 1001c3c8     LIBCMT:syserr.obj
 0002:000013e4       ??_C@_0BD@KKNFOBBD@Input?1output?5error?$AA@ 1001c3e4     LIBCMT:syserr.obj
 0002:000013f8       ??_C@_0BK@DPKMCKJ@No?5such?5device?5or?5address?$AA@ 1001c3f8     LIBCMT:syserr.obj
 0002:00001414       ??_C@_0BC@MFFGCDFL@Arg?5list?5too?5long?$AA@ 1001c414     LIBCMT:syserr.obj
 0002:00001428       ??_C@_0BC@HKPNECK@Exec?5format?5error?$AA@ 1001c428     LIBCMT:syserr.obj
 0002:0000143c       ??_C@_0BE@NFGDDCEF@Bad?5file?5descriptor?$AA@ 1001c43c     LIBCMT:syserr.obj
 0002:00001450       ??_C@_0BD@LOHELEP@No?5child?5processes?$AA@ 1001c450     LIBCMT:syserr.obj
 0002:00001464       ??_C@_0CB@EPFKGNAK@Resource?5temporarily?5unavailable@ 1001c464     LIBCMT:syserr.obj
 0002:00001488       ??_C@_0BB@IMDKMPFB@Not?5enough?5space?$AA@ 1001c488     LIBCMT:syserr.obj
 0002:0000149c       ??_C@_0BC@HFNFNKAI@Permission?5denied?$AA@ 1001c49c     LIBCMT:syserr.obj
 0002:000014b0       ??_C@_0M@LOEHLCJD@Bad?5address?$AA@ 1001c4b0     LIBCMT:syserr.obj
 0002:000014bc       ??_C@_0O@NIPGCINC@Unknown?5error?$AA@ 1001c4bc     LIBCMT:syserr.obj
 0002:000014cc       ??_C@_0BA@BIBLIOEK@Resource?5device?$AA@ 1001c4cc     LIBCMT:syserr.obj
 0002:000014dc       ??_C@_0M@NAAJNNGH@File?5exists?$AA@ 1001c4dc     LIBCMT:syserr.obj
 0002:000014e8       ??_C@_0O@OAMDNOCP@Improper?5link?$AA@ 1001c4e8     LIBCMT:syserr.obj
 0002:000014f8       ??_C@_0P@NLEIANHE@No?5such?5device?$AA@ 1001c4f8     LIBCMT:syserr.obj
 0002:00001508       ??_C@_0BA@CJBACOOL@Not?5a?5directory?$AA@ 1001c508     LIBCMT:syserr.obj
 0002:00001518       ??_C@_0P@NDHGCGKE@Is?5a?5directory?$AA@ 1001c518     LIBCMT:syserr.obj
 0002:00001528       ??_C@_0BB@HMGGCEBG@Invalid?5argument?$AA@ 1001c528     LIBCMT:syserr.obj
 0002:0000153c       ??_C@_0BO@IIFBODJE@Too?5many?5open?5files?5in?5system?$AA@ 1001c53c     LIBCMT:syserr.obj
 0002:0000155c       ??_C@_0BE@INBJMKGG@Too?5many?5open?5files?$AA@ 1001c55c     LIBCMT:syserr.obj
 0002:00001570       ??_C@_0CE@ONOKNLPF@Inappropriate?5I?1O?5control?5operat@ 1001c570     LIBCMT:syserr.obj
 0002:00001594       ??_C@_0P@LFMMIPAE@File?5too?5large?$AA@ 1001c594     LIBCMT:syserr.obj
 0002:000015a4       ??_C@_0BI@FEALHKLD@No?5space?5left?5on?5device?$AA@ 1001c5a4     LIBCMT:syserr.obj
 0002:000015bc       ??_C@_0N@FEHLOILP@Invalid?5seek?$AA@ 1001c5bc     LIBCMT:syserr.obj
 0002:000015cc       ??_C@_0BG@DDBFNKBH@Read?9only?5file?5system?$AA@ 1001c5cc     LIBCMT:syserr.obj
 0002:000015e4       ??_C@_0P@PKCJJLLM@Too?5many?5links?$AA@ 1001c5e4     LIBCMT:syserr.obj
 0002:000015f4       ??_C@_0M@LHEPIIOM@Broken?5pipe?$AA@ 1001c5f4     LIBCMT:syserr.obj
 0002:00001600       ??_C@_0N@MMJPGLJK@Domain?5error?$AA@ 1001c600     LIBCMT:syserr.obj
 0002:00001610       ??_C@_0BB@FCBJFCAJ@Result?5too?5large?$AA@ 1001c610     LIBCMT:syserr.obj
 0002:00001624       ??_C@_0BK@JAEBMJJM@Resource?5deadlock?5avoided?$AA@ 1001c624     LIBCMT:syserr.obj
 0002:00001640       ??_C@_0BC@BEDIHIDK@Filename?5too?5long?$AA@ 1001c640     LIBCMT:syserr.obj
 0002:00001654       ??_C@_0BD@CLHBCGPB@No?5locks?5available?$AA@ 1001c654     LIBCMT:syserr.obj
 0002:00001668       ??_C@_0BJ@IHEHINLI@Function?5not?5implemented?$AA@ 1001c668     LIBCMT:syserr.obj
 0002:00001684       ??_C@_0BE@ICMCHPHH@Directory?5not?5empty?$AA@ 1001c684     LIBCMT:syserr.obj
 0002:00001698       ??_C@_0BG@KLEAJEFJ@Illegal?5byte?5sequence?$AA@ 1001c698     LIBCMT:syserr.obj
 0002:000016d0       __XcptActTab               1001c6d0     LIBCMT:winxfltr.obj
 0002:00001760       __XcptActTabCount          1001c760     LIBCMT:winxfltr.obj
 0002:00001764       __XcptActTabSize           1001c764     LIBCMT:winxfltr.obj
 0002:00001768       __First_FPE_Indx           1001c768     LIBCMT:winxfltr.obj
 0002:0000176c       __Num_FPE                  1001c76c     LIBCMT:winxfltr.obj
 0002:00001770       ??_C@_1BG@GOEBHBDC@?$AAU?$AAS?$AAE?$AAR?$AA3?$AA2?$AA?4?$AAD?$AAL?$AAL?$AA?$AA@ 1001c770     LIBCMT:crtmboxw.obj
 0002:00001788       ??_C@_0M@DLDCCGNP@MessageBoxW?$AA@ 1001c788     LIBCMT:crtmboxw.obj
 0002:00001794       ??_C@_0BA@HNOPNCHB@GetActiveWindow?$AA@ 1001c794     LIBCMT:crtmboxw.obj
 0002:000017a4       ??_C@_0BD@HHGDFDBJ@GetLastActivePopup?$AA@ 1001c7a4     LIBCMT:crtmboxw.obj
 0002:000017b8       ??_C@_0BK@DEKFELLI@GetUserObjectInformationW?$AA@ 1001c7b8     LIBCMT:crtmboxw.obj
 0002:000017d4       ??_C@_0BI@DFKBFLJE@GetProcessWindowStation?$AA@ 1001c7d4     LIBCMT:crtmboxw.obj
 0002:000017f8       ___newctype                1001c7f8     LIBCMT:ctype.obj
 0002:00001af8       __wctype                   1001caf8     LIBCMT:ctype.obj
 0002:00001d00       ___newclmap                1001cd00     LIBCMT:ctype.obj
 0002:00001e80       ___newcumap                1001ce80     LIBCMT:ctype.obj
 0002:00002000       ??_C@_1BA@BALFACEM@?$AAC?$AAO?$AAN?$AAO?$AAU?$AAT?$AA$?$AA?$AA@ 1001d000     LIBCMT:initcon.obj
 0002:00002010       _LcidToLocaleNameTable     1001d010     LIBCMT:winapinls.obj
 0002:00002730       _LocaleNameToIndexTable    1001d730     LIBCMT:winapinls.obj
 0002:00002e50       ??_C@_15EMKDOKLE@?$AAa?$AAr?$AA?$AA@ 1001de50     LIBCMT:winapinls.obj
 0002:00002e58       ??_C@_15KNPADPLH@?$AAb?$AAg?$AA?$AA@ 1001de58     LIBCMT:winapinls.obj
 0002:00002e60       ??_C@_15EDMHLDMO@?$AAc?$AAa?$AA?$AA@ 1001de60     LIBCMT:winapinls.obj
 0002:00002e68       ??_C@_1O@BPEAJADD@?$AAz?$AAh?$AA?9?$AAC?$AAH?$AAS?$AA?$AA@ 1001de68     LIBCMT:winapinls.obj
 0002:00002e78       ??_C@_15LJNHCMNK@?$AAc?$AAs?$AA?$AA@ 1001de78     LIBCMT:winapinls.obj
 0002:00002e80       ??_C@_15FOMCIDHG@?$AAd?$AAa?$AA?$AA@ 1001de80     LIBCMT:winapinls.obj
 0002:00002e88       ??_C@_15NBKABECB@?$AAd?$AAe?$AA?$AA@ 1001de88     LIBCMT:winapinls.obj
 0002:00002e90       ??_C@_15GHPEIIAO@?$AAe?$AAl?$AA?$AA@ 1001de90     LIBCMT:winapinls.obj
 0002:00002e98       ??_C@_15MNPNEAIF@?$AAe?$AAn?$AA?$AA@ 1001de98     LIBCMT:winapinls.obj
 0002:00002ea0       ??_C@_15GPIOMPMH@?$AAe?$AAs?$AA?$AA@ 1001dea0     LIBCMT:winapinls.obj
 0002:00002ea8       ??_C@_15NGLOAKJC@?$AAf?$AAi?$AA?$AA@ 1001dea8     LIBCMT:winapinls.obj
 0002:00002eb0       ??_C@_15FBKGNKAM@?$AAf?$AAr?$AA?$AA@ 1001deb0     LIBCMT:winapinls.obj
 0002:00002eb8       ??_C@_15KGGCNEFK@?$AAh?$AAe?$AA?$AA@ 1001deb8     LIBCMT:winapinls.obj
 0002:00002ec0       ??_C@_15PGHLIDMF@?$AAh?$AAu?$AA?$AA@ 1001dec0     LIBCMT:winapinls.obj
 0002:00002ec8       ??_C@_15BIEMAPLM@?$AAi?$AAs?$AA?$AA@ 1001dec8     LIBCMT:winapinls.obj
 0002:00002ed0       ??_C@_15IFJLDHAF@?$AAi?$AAt?$AA?$AA@ 1001ded0     LIBCMT:winapinls.obj
 0002:00002ed8       ??_C@_15GEMIOCAG@?$AAj?$AAa?$AA?$AA@ 1001ded8     LIBCMT:winapinls.obj
 0002:00002ee0       ??_C@_15EPELEGJA@?$AAk?$AAo?$AA?$AA@ 1001dee0     LIBCMT:winapinls.obj
 0002:00002ee8       ??_C@_15NDDHIMN@?$AAn?$AAl?$AA?$AA@ 1001dee8     LIBCMT:winapinls.obj
 0002:00002ef0       ??_C@_15BPIGNHCD@?$AAn?$AAo?$AA?$AA@ 1001def0     LIBCMT:winapinls.obj
 0002:00002ef8       ??_C@_15DEOPBLCG@?$AAp?$AAl?$AA?$AA@ 1001def8     LIBCMT:winapinls.obj
 0002:00002f00       ??_C@_15KBECGEFG@?$AAp?$AAt?$AA?$AA@ 1001df00     LIBCMT:winapinls.obj
 0002:00002f08       ??_C@_15GLJCBFMD@?$AAr?$AAo?$AA?$AA@ 1001df08     LIBCMT:winapinls.obj
 0002:00002f10       ??_C@_15FEDGKCDI@?$AAr?$AAu?$AA?$AA@ 1001df10     LIBCMT:winapinls.obj
 0002:00002f18       ??_C@_15GLKMLLHM@?$AAh?$AAr?$AA?$AA@ 1001df18     LIBCMT:winapinls.obj
 0002:00002f20       ??_C@_15CPKMFBDB@?$AAs?$AAk?$AA?$AA@ 1001df20     LIBCMT:winapinls.obj
 0002:00002f28       ??_C@_15BAAIOGMK@?$AAs?$AAq?$AA?$AA@ 1001df28     LIBCMT:winapinls.obj
 0002:00002f30       ??_C@_15INNPNOHD@?$AAs?$AAv?$AA?$AA@ 1001df30     LIBCMT:winapinls.obj
 0002:00002f38       ??_C@_15CABMMOGH@?$AAt?$AAh?$AA?$AA@ 1001df38     LIBCMT:winapinls.obj
 0002:00002f40       ??_C@_15BPLIHJJM@?$AAt?$AAr?$AA?$AA@ 1001df40     LIBCMT:winapinls.obj
 0002:00002f48       ??_C@_15NEOEKKDJ@?$AAu?$AAr?$AA?$AA@ 1001df48     LIBCMT:winapinls.obj
 0002:00002f50       ??_C@_15NFICGAJK@?$AAi?$AAd?$AA?$AA@ 1001df50     LIBCMT:winapinls.obj
 0002:00002f58       ??_C@_15PJPFLCCM@?$AAu?$AAk?$AA?$AA@ 1001df58     LIBCMT:winapinls.obj
 0002:00002f60       ??_C@_15HPJPHDM@?$AAb?$AAe?$AA?$AA@ 1001df60     LIBCMT:winapinls.obj
 0002:00002f68       ??_C@_15LCHLGJII@?$AAs?$AAl?$AA?$AA@ 1001df68     LIBCMT:winapinls.obj
 0002:00002f70       ??_C@_15PCFJPHHO@?$AAe?$AAt?$AA?$AA@ 1001df70     LIBCMT:winapinls.obj
 0002:00002f78       ??_C@_15HPFPGODN@?$AAl?$AAv?$AA?$AA@ 1001df78     LIBCMT:winapinls.obj
 0002:00002f80       ??_C@_15NFFGKGLG@?$AAl?$AAt?$AA?$AA@ 1001df80     LIBCMT:winapinls.obj
 0002:00002f88       ??_C@_15BDAKCCHN@?$AAf?$AAa?$AA?$AA@ 1001df88     LIBCMT:winapinls.obj
 0002:00002f90       ??_C@_15NFGIAIAJ@?$AAv?$AAi?$AA?$AA@ 1001df90     LIBCMT:winapinls.obj
 0002:00002f98       ??_C@_15LMKNDMHN@?$AAh?$AAy?$AA?$AA@ 1001df98     LIBCMT:winapinls.obj
 0002:00002fa0       ??_C@_15IJBHMCFL@?$AAa?$AAz?$AA?$AA@ 1001dfa0     LIBCMT:winapinls.obj
 0002:00002fa8       ??_C@_15EKOFJABL@?$AAe?$AAu?$AA?$AA@ 1001dfa8     LIBCMT:winapinls.obj
 0002:00002fb0       ??_C@_15BGHADCNK@?$AAm?$AAk?$AA?$AA@ 1001dfb0     LIBCMT:winapinls.obj
 0002:00002fb8       ??_C@_15JDNICKHM@?$AAa?$AAf?$AA?$AA@ 1001dfb8     LIBCMT:winapinls.obj
 0002:00002fc0       ??_C@_15KPJEDBKD@?$AAk?$AAa?$AA?$AA@ 1001dfc0     LIBCMT:winapinls.obj
 0002:00002fc8       ??_C@_15PDNFFFEO@?$AAf?$AAo?$AA?$AA@ 1001dfc8     LIBCMT:winapinls.obj
 0002:00002fd0       ??_C@_15OMLEGLOC@?$AAh?$AAi?$AA?$AA@ 1001dfd0     LIBCMT:winapinls.obj
 0002:00002fd8       ??_C@_15IDNNENKK@?$AAm?$AAs?$AA?$AA@ 1001dfd8     LIBCMT:winapinls.obj
 0002:00002fe0       ??_C@_15MACJNBMH@?$AAk?$AAk?$AA?$AA@ 1001dfe0     LIBCMT:winapinls.obj
 0002:00002fe8       ??_C@_15DKDJEOND@?$AAk?$AAy?$AA?$AA@ 1001dfe8     LIBCMT:winapinls.obj
 0002:00002ff0       ??_C@_15DFGDLJBG@?$AAs?$AAw?$AA?$AA@ 1001dff0     LIBCMT:winapinls.obj
 0002:00002ff8       ??_C@_15BBFAICNG@?$AAu?$AAz?$AA?$AA@ 1001dff8     LIBCMT:winapinls.obj
 0002:00003000       ??_C@_15DKNDCGEA@?$AAt?$AAt?$AA?$AA@ 1001e000     LIBCMT:winapinls.obj
 0002:00003008       ??_C@_15MGIFMDPL@?$AAp?$AAa?$AA?$AA@ 1001e008     LIBCMT:winapinls.obj
 0002:00003010       ??_C@_15HCNDBBA@?$AAg?$AAu?$AA?$AA@ 1001e010     LIBCMT:winapinls.obj
 0002:00003018       ??_C@_15FNBEIBON@?$AAt?$AAa?$AA?$AA@ 1001e018     LIBCMT:winapinls.obj
 0002:00003020       ??_C@_15NCHGBGLK@?$AAt?$AAe?$AA?$AA@ 1001e020     LIBCMT:winapinls.obj
 0002:00003028       ??_C@_15PHPHCBPF@?$AAk?$AAn?$AA?$AA@ 1001e028     LIBCMT:winapinls.obj
 0002:00003030       ??_C@_15DLGBCKMP@?$AAm?$AAr?$AA?$AA@ 1001e030     LIBCMT:winapinls.obj
 0002:00003038       ??_C@_15EABBLBFF@?$AAs?$AAa?$AA?$AA@ 1001e038     LIBCMT:winapinls.obj
 0002:00003040       ??_C@_15CBKOMCOI@?$AAm?$AAn?$AA?$AA@ 1001e040     LIBCMT:winapinls.obj
 0002:00003048       ??_C@_15CKDMCJAF@?$AAg?$AAl?$AA?$AA@ 1001e048     LIBCMT:winapinls.obj
 0002:00003050       ??_C@_17CNJFBPG@?$AAk?$AAo?$AAk?$AA?$AA@ 1001e050     LIBCMT:winapinls.obj
 0002:00003058       ??_C@_17FFBJICPL@?$AAs?$AAy?$AAr?$AA?$AA@ 1001e058     LIBCMT:winapinls.obj
 0002:00003060       ??_C@_17KPNDCPAF@?$AAd?$AAi?$AAv?$AA?$AA@ 1001e060     LIBCMT:winapinls.obj
 0002:00003068       ??_C@_11LOCGONAA@?$AA?$AA@ 1001e068     LIBCMT:winapinls.obj
 0002:0000306c       ??_C@_1M@OKAHONE@?$AAa?$AAr?$AA?9?$AAS?$AAA?$AA?$AA@ 1001e06c     LIBCMT:winapinls.obj
 0002:00003078       ??_C@_1M@FFFIGIGK@?$AAb?$AAg?$AA?9?$AAB?$AAG?$AA?$AA@ 1001e078     LIBCMT:winapinls.obj
 0002:00003084       ??_C@_1M@BJNKEDC@?$AAc?$AAa?$AA?9?$AAE?$AAS?$AA?$AA@ 1001e084     LIBCMT:winapinls.obj
 0002:00003090       ??_C@_1M@IJJHFJHA@?$AAc?$AAs?$AA?9?$AAC?$AAZ?$AA?$AA@ 1001e090     LIBCMT:winapinls.obj
 0002:0000309c       ??_C@_1M@CLPEOBGI@?$AAd?$AAa?$AA?9?$AAD?$AAK?$AA?$AA@ 1001e09c     LIBCMT:winapinls.obj
 0002:000030a8       ??_C@_1M@MCMADGCB@?$AAd?$AAe?$AA?9?$AAD?$AAE?$AA?$AA@ 1001e0a8     LIBCMT:winapinls.obj
 0002:000030b4       ??_C@_1M@OOCKEMAM@?$AAe?$AAl?$AA?9?$AAG?$AAR?$AA?$AA@ 1001e0b4     LIBCMT:winapinls.obj
 0002:000030c0       ??_C@_1M@DDNJFGID@?$AAf?$AAi?$AA?9?$AAF?$AAI?$AA?$AA@ 1001e0c0     LIBCMT:winapinls.obj
 0002:000030cc       ??_C@_1M@GLIPPMAC@?$AAf?$AAr?$AA?9?$AAF?$AAR?$AA?$AA@ 1001e0cc     LIBCMT:winapinls.obj
 0002:000030d8       ??_C@_1M@GFMCHPE@?$AAh?$AAe?$AA?9?$AAI?$AAL?$AA?$AA@ 1001e0d8     LIBCMT:winapinls.obj
 0002:000030e4       ??_C@_1M@MHLPGNKM@?$AAh?$AAu?$AA?9?$AAH?$AAU?$AA?$AA@ 1001e0e4     LIBCMT:winapinls.obj
 0002:000030f0       ??_C@_1M@LPDDNNPN@?$AAi?$AAs?$AA?9?$AAI?$AAS?$AA?$AA@ 1001e0f0     LIBCMT:winapinls.obj
 0002:000030fc       ??_C@_1M@MADIPODN@?$AAi?$AAt?$AA?9?$AAI?$AAT?$AA?$AA@ 1001e0fc     LIBCMT:winapinls.obj
 0002:00003108       ??_C@_1M@IHBJJGG@?$AAn?$AAl?$AA?9?$AAN?$AAL?$AA?$AA@ 1001e108     LIBCMT:winapinls.obj
 0002:00003114       ??_C@_1M@EANAGDL@?$AAn?$AAb?$AA?9?$AAN?$AAO?$AA?$AA@ 1001e114     LIBCMT:winapinls.obj
 0002:00003120       ??_C@_1M@NEIEMEGP@?$AAp?$AAl?$AA?9?$AAP?$AAL?$AA?$AA@ 1001e120     LIBCMT:winapinls.obj
 0002:0000312c       ??_C@_1M@BOCFIGEP@?$AAp?$AAt?$AA?9?$AAB?$AAR?$AA?$AA@ 1001e12c     LIBCMT:winapinls.obj
 0002:00003138       ??_C@_1M@IMPFOPBG@?$AAr?$AAo?$AA?9?$AAR?$AAO?$AA?$AA@ 1001e138     LIBCMT:winapinls.obj
 0002:00003144       ??_C@_1M@IDNNEJMM@?$AAr?$AAu?$AA?9?$AAR?$AAU?$AA?$AA@ 1001e144     LIBCMT:winapinls.obj
 0002:00003150       ??_C@_1M@LILEEOGM@?$AAh?$AAr?$AA?9?$AAH?$AAR?$AA?$AA@ 1001e150     LIBCMT:winapinls.obj
 0002:0000315c       ??_C@_1M@FKIFEHPB@?$AAs?$AAk?$AA?9?$AAS?$AAK?$AA?$AA@ 1001e15c     LIBCMT:winapinls.obj
 0002:00003168       ??_C@_1M@LJMAMNPJ@?$AAs?$AAq?$AA?9?$AAA?$AAL?$AA?$AA@ 1001e168     LIBCMT:winapinls.obj
 0002:00003174       ??_C@_1M@GIAKDKJK@?$AAs?$AAv?$AA?9?$AAS?$AAE?$AA?$AA@ 1001e174     LIBCMT:winapinls.obj
 0002:00003180       ??_C@_1M@MKJKIKCL@?$AAt?$AAh?$AA?9?$AAT?$AAH?$AA?$AA@ 1001e180     LIBCMT:winapinls.obj
 0002:0000318c       ??_C@_1M@MFLCCMPB@?$AAt?$AAr?$AA?9?$AAT?$AAR?$AA?$AA@ 1001e18c     LIBCMT:winapinls.obj
 0002:00003198       ??_C@_1M@OIJHDKJN@?$AAu?$AAr?$AA?9?$AAP?$AAK?$AA?$AA@ 1001e198     LIBCMT:winapinls.obj
 0002:000031a4       ??_C@_1M@LHIPCIEK@?$AAi?$AAd?$AA?9?$AAI?$AAD?$AA?$AA@ 1001e1a4     LIBCMT:winapinls.obj
 0002:000031b0       ??_C@_1M@MFMOBGI@?$AAu?$AAk?$AA?9?$AAU?$AAA?$AA?$AA@ 1001e1b0     LIBCMT:winapinls.obj
 0002:000031bc       ??_C@_1M@OBGLJIPL@?$AAb?$AAe?$AA?9?$AAB?$AAY?$AA?$AA@ 1001e1bc     LIBCMT:winapinls.obj
 0002:000031c8       ??_C@_1M@BCFAJEAD@?$AAs?$AAl?$AA?9?$AAS?$AAI?$AA?$AA@ 1001e1c8     LIBCMT:winapinls.obj
 0002:000031d4       ??_C@_1M@FKFFEDDN@?$AAe?$AAt?$AA?9?$AAE?$AAE?$AA?$AA@ 1001e1d4     LIBCMT:winapinls.obj
 0002:000031e0       ??_C@_1M@KGKKAACI@?$AAl?$AAv?$AA?9?$AAL?$AAV?$AA?$AA@ 1001e1e0     LIBCMT:winapinls.obj
 0002:000031ec       ??_C@_1M@IFGBIJO@?$AAl?$AAt?$AA?9?$AAL?$AAT?$AA?$AA@ 1001e1ec     LIBCMT:winapinls.obj
 0002:000031f8       ??_C@_1M@FGEAHEDM@?$AAf?$AAa?$AA?9?$AAI?$AAR?$AA?$AA@ 1001e1f8     LIBCMT:winapinls.obj
 0002:00003204       ??_C@_1M@KBMAIBFN@?$AAv?$AAi?$AA?9?$AAV?$AAN?$AA?$AA@ 1001e204     LIBCMT:winapinls.obj
 0002:00003210       ??_C@_1M@GPCBKDJK@?$AAh?$AAy?$AA?9?$AAA?$AAM?$AA?$AA@ 1001e210     LIBCMT:winapinls.obj
 0002:0000321c       ??_C@_1BG@BECMDDJB@?$AAa?$AAz?$AA?9?$AAA?$AAZ?$AA?9?$AAL?$AAa?$AAt?$AAn?$AA?$AA@ 1001e21c     LIBCMT:winapinls.obj
 0002:00003234       ??_C@_1M@MAOFCAEA@?$AAe?$AAu?$AA?9?$AAE?$AAS?$AA?$AA@ 1001e234     LIBCMT:winapinls.obj
 0002:00003240       ??_C@_1M@IGHABKPI@?$AAm?$AAk?$AA?9?$AAM?$AAK?$AA?$AA@ 1001e240     LIBCMT:winapinls.obj
 0002:0000324c       ??_C@_1M@IAIGNEJG@?$AAt?$AAn?$AA?9?$AAZ?$AAA?$AA?$AA@ 1001e24c     LIBCMT:winapinls.obj
 0002:00003258       ??_C@_1M@IIJCOJFA@?$AAx?$AAh?$AA?9?$AAZ?$AAA?$AA?$AA@ 1001e258     LIBCMT:winapinls.obj
 0002:00003264       ??_C@_1M@LGPJHNJH@?$AAz?$AAu?$AA?9?$AAZ?$AAA?$AA?$AA@ 1001e264     LIBCMT:winapinls.obj
 0002:00003270       ??_C@_1M@HOKAOIO@?$AAa?$AAf?$AA?9?$AAZ?$AAA?$AA?$AA@ 1001e270     LIBCMT:winapinls.obj
 0002:0000327c       ??_C@_1M@DPCLHLIE@?$AAk?$AAa?$AA?9?$AAG?$AAE?$AA?$AA@ 1001e27c     LIBCMT:winapinls.obj
 0002:00003288       ??_C@_1M@BLKMHJBI@?$AAf?$AAo?$AA?9?$AAF?$AAO?$AA?$AA@ 1001e288     LIBCMT:winapinls.obj
 0002:00003294       ??_C@_1M@LGGJAPPB@?$AAh?$AAi?$AA?9?$AAI?$AAN?$AA?$AA@ 1001e294     LIBCMT:winapinls.obj
 0002:000032a0       ??_C@_1M@FIKPIHFE@?$AAm?$AAt?$AA?9?$AAM?$AAT?$AA?$AA@ 1001e2a0     LIBCMT:winapinls.obj
 0002:000032ac       ??_C@_1M@HEGGPBFA@?$AAs?$AAe?$AA?9?$AAN?$AAO?$AA?$AA@ 1001e2ac     LIBCMT:winapinls.obj
 0002:000032b8       ??_C@_1M@EIBJEEPA@?$AAm?$AAs?$AA?9?$AAM?$AAY?$AA?$AA@ 1001e2b8     LIBCMT:winapinls.obj
 0002:000032c4       ??_C@_1M@FHLBGMPP@?$AAk?$AAk?$AA?9?$AAK?$AAZ?$AA?$AA@ 1001e2c4     LIBCMT:winapinls.obj
 0002:000032d0       ??_C@_1M@NGJJLCGI@?$AAk?$AAy?$AA?9?$AAK?$AAG?$AA?$AA@ 1001e2d0     LIBCMT:winapinls.obj
 0002:000032dc       ??_C@_1M@GIENNBFC@?$AAs?$AAw?$AA?9?$AAK?$AAE?$AA?$AA@ 1001e2dc     LIBCMT:winapinls.obj
 0002:000032e8       ??_C@_1BG@NDGMJIMJ@?$AAu?$AAz?$AA?9?$AAU?$AAZ?$AA?9?$AAL?$AAa?$AAt?$AAn?$AA?$AA@ 1001e2e8     LIBCMT:winapinls.obj
 0002:00003300       ??_C@_1M@IDCCIHBC@?$AAt?$AAt?$AA?9?$AAR?$AAU?$AA?$AA@ 1001e300     LIBCMT:winapinls.obj
 0002:0000330c       ??_C@_1M@LOICPMOJ@?$AAb?$AAn?$AA?9?$AAI?$AAN?$AA?$AA@ 1001e30c     LIBCMT:winapinls.obj
 0002:00003318       ??_C@_1M@KPKKNEAH@?$AAp?$AAa?$AA?9?$AAI?$AAN?$AA?$AA@ 1001e318     LIBCMT:winapinls.obj
 0002:00003324       ??_C@_1M@PJGPPBOG@?$AAg?$AAu?$AA?9?$AAI?$AAN?$AA?$AA@ 1001e324     LIBCMT:winapinls.obj
 0002:00003330       ??_C@_1M@KMKMOPHI@?$AAt?$AAa?$AA?9?$AAI?$AAN?$AA?$AA@ 1001e330     LIBCMT:winapinls.obj
 0002:0000333c       ??_C@_1M@KFEHEPAC@?$AAt?$AAe?$AA?9?$AAI?$AAN?$AA?$AA@ 1001e33c     LIBCMT:winapinls.obj
 0002:00003348       ??_C@_1M@CDCLMGHI@?$AAk?$AAn?$AA?9?$AAI?$AAN?$AA?$AA@ 1001e348     LIBCMT:winapinls.obj
 0002:00003354       ??_C@_1M@MIODLDKF@?$AAm?$AAl?$AA?9?$AAI?$AAN?$AA?$AA@ 1001e354     LIBCMT:winapinls.obj
 0002:00003360       ??_C@_1M@PBIEACPO@?$AAm?$AAr?$AA?9?$AAI?$AAN?$AA?$AA@ 1001e360     LIBCMT:winapinls.obj
 0002:0000336c       ??_C@_1M@NIDEAGPH@?$AAs?$AAa?$AA?9?$AAI?$AAN?$AA?$AA@ 1001e36c     LIBCMT:winapinls.obj
 0002:00003378       ??_C@_1M@FHIHCBIO@?$AAm?$AAn?$AA?9?$AAM?$AAN?$AA?$AA@ 1001e378     LIBCMT:winapinls.obj
 0002:00003384       ??_C@_1M@JAIJPENP@?$AAc?$AAy?$AA?9?$AAG?$AAB?$AA?$AA@ 1001e384     LIBCMT:winapinls.obj
 0002:00003390       ??_C@_1M@PHGFBEPN@?$AAg?$AAl?$AA?9?$AAE?$AAS?$AA?$AA@ 1001e390     LIBCMT:winapinls.obj
 0002:0000339c       ??_C@_1O@KPIPDNCP@?$AAk?$AAo?$AAk?$AA?9?$AAI?$AAN?$AA?$AA@ 1001e39c     LIBCMT:winapinls.obj
 0002:000033ac       ??_C@_1O@KNHJLDJA@?$AAs?$AAy?$AAr?$AA?9?$AAS?$AAY?$AA?$AA@ 1001e3ac     LIBCMT:winapinls.obj
 0002:000033bc       ??_C@_1O@MKEKBLAH@?$AAd?$AAi?$AAv?$AA?9?$AAM?$AAV?$AA?$AA@ 1001e3bc     LIBCMT:winapinls.obj
 0002:000033cc       ??_C@_1O@OHDCKDDF@?$AAq?$AAu?$AAz?$AA?9?$AAB?$AAO?$AA?$AA@ 1001e3cc     LIBCMT:winapinls.obj
 0002:000033dc       ??_C@_1M@LEPJNLFD@?$AAn?$AAs?$AA?9?$AAZ?$AAA?$AA?$AA@ 1001e3dc     LIBCMT:winapinls.obj
 0002:000033e8       ??_C@_1M@OMLEIIJB@?$AAm?$AAi?$AA?9?$AAN?$AAZ?$AA?$AA@ 1001e3e8     LIBCMT:winapinls.obj
 0002:000033f4       ??_C@_1M@PMPEAILG@?$AAa?$AAr?$AA?9?$AAI?$AAQ?$AA?$AA@ 1001e3f4     LIBCMT:winapinls.obj
 0002:00003400       ??_C@_1M@CNKPNOEE@?$AAd?$AAe?$AA?9?$AAC?$AAH?$AA?$AA@ 1001e400     LIBCMT:winapinls.obj
 0002:0000340c       ??_C@_1M@LKMGMLKO@?$AAe?$AAn?$AA?9?$AAG?$AAB?$AA?$AA@ 1001e40c     LIBCMT:winapinls.obj
 0002:00003418       ??_C@_1M@PGKJFFGL@?$AAe?$AAs?$AA?9?$AAM?$AAX?$AA?$AA@ 1001e418     LIBCMT:winapinls.obj
 0002:00003424       ??_C@_1M@DNNANBDC@?$AAf?$AAr?$AA?9?$AAB?$AAE?$AA?$AA@ 1001e424     LIBCMT:winapinls.obj
 0002:00003430       ??_C@_1M@HLGMDFHM@?$AAi?$AAt?$AA?9?$AAC?$AAH?$AA?$AA@ 1001e430     LIBCMT:winapinls.obj
 0002:0000343c       ??_C@_1M@CLLBGJH@?$AAn?$AAl?$AA?9?$AAB?$AAE?$AA?$AA@ 1001e43c     LIBCMT:winapinls.obj
 0002:00003448       ??_C@_1M@BODBOGLF@?$AAn?$AAn?$AA?9?$AAN?$AAO?$AA?$AA@ 1001e448     LIBCMT:winapinls.obj
 0002:00003454       ??_C@_1M@HFFAHKAD@?$AAp?$AAt?$AA?9?$AAP?$AAT?$AA?$AA@ 1001e454     LIBCMT:winapinls.obj
 0002:00003460       ??_C@_1BG@LNOAKHIE@?$AAs?$AAr?$AA?9?$AAS?$AAP?$AA?9?$AAL?$AAa?$AAt?$AAn?$AA?$AA@ 1001e460     LIBCMT:winapinls.obj
 0002:00003478       ??_C@_1M@HBMHBGAK@?$AAs?$AAv?$AA?9?$AAF?$AAI?$AA?$AA@ 1001e478     LIBCMT:winapinls.obj
 0002:00003484       ??_C@_1BG@DGCJGJBE@?$AAa?$AAz?$AA?9?$AAA?$AAZ?$AA?9?$AAC?$AAy?$AAr?$AAl?$AA?$AA@ 1001e484     LIBCMT:winapinls.obj
 0002:0000349c       ??_C@_1M@KEJDAAHB@?$AAs?$AAe?$AA?9?$AAS?$AAE?$AA?$AA@ 1001e49c     LIBCMT:winapinls.obj
 0002:000034a8       ??_C@_1M@HEIBJJAD@?$AAm?$AAs?$AA?9?$AAB?$AAN?$AA?$AA@ 1001e4a8     LIBCMT:winapinls.obj
 0002:000034b4       ??_C@_1BG@PBGJMCEM@?$AAu?$AAz?$AA?9?$AAU?$AAZ?$AA?9?$AAC?$AAy?$AAr?$AAl?$AA?$AA@ 1001e4b4     LIBCMT:winapinls.obj
 0002:000034cc       ??_C@_1O@LAOBCMDF@?$AAq?$AAu?$AAz?$AA?9?$AAE?$AAC?$AA?$AA@ 1001e4cc     LIBCMT:winapinls.obj
 0002:000034dc       ??_C@_1M@POEEMAIO@?$AAa?$AAr?$AA?9?$AAE?$AAG?$AA?$AA@ 1001e4dc     LIBCMT:winapinls.obj
[...]
 0001:00015f78       UnwindDownVec              10016f78     LIBCMT:memcpy.obj
 0001:00015fe4       TrailDownVec               10016fe4     LIBCMT:memcpy.obj
 0001:00016190       $$000000                   10017190     LIBCMT:ulldiv.obj
 0001:00016422       _parse_cmdline             10017422 f   LIBCMT:stdargv.obj
 0001:00016d07       __onexit_nolock            10017d07 f   LIBCMT:onexit.obj
 0001:0001702e       _siglookup                 1001802e f   LIBCMT:winsig.obj
 0001:00017070       $$000000                   10018070     LIBCMT:strlen.obj
 0001:00017660       $$000000                   10018660     LIBCMT:ulldvrm.obj
 0001:00017bd8       ?__crtLCMapStringA_stat@@YAHPAUlocaleinfo_struct@@PB_WKPBDHPADHHH@Z 10018bd8 f   LIBCMT:a_map.obj
 0001:00017e23       ?__crtGetStringTypeA_stat@@YAHPAUlocaleinfo_struct@@KPBDHPAGHH@Z 10018e23 f   LIBCMT:a_str.obj
 0001:00018810       $$000000                   10019810     LIBCMT:exsup.obj
 0001:00018830       __unwind_handler           10019830 f   LIBCMT:exsup.obj
 0001:00018b48       ?x_ismbbtype_l@@YAHPAUlocaleinfo_struct@@IHH@Z 10019b48 f   LIBCMT:ismbbyte.obj
 0001:00018df0       $$000000                   10019df0     LIBCMT:alloca16.obj
 0001:00018e20       $$000000                   10019e20     LIBCMT:strncmp.obj
 0001:00018fc0       $$000000                   10019fc0     LIBCMT:_strnicm.obj
 0001:00019220       $$000000                   1001a220     LIBCMT:llmul.obj
 0001:00019260       $$000000                   1001a260     LIBCMT:lldiv.obj
 0002:00000124       _pinit                     1001b124     LIBCMT:mbctype.obj
 0002:00000128       _pinit                     1001b128     LIBCMT:_file.obj
 0002:0000012c       _pinit                     1001b12c     LIBCMT:onexit.obj
 0002:00000130       _pinit                     1001b130     LIBCMT:cpu_disp.obj
 0002:0000013c       _pterm                     1001b13c     LIBCMT:initcon.obj
 0002:00000140       _pterm                     1001b140     LIBCMT:wsetloca.obj
 0002:00000144       _pterm                     1001b144     LIBCMT:_file.obj
 0002:00000ce0       _rterrs                    1001bce0     LIBCMT:crt0msg.obj
 0002:00000f2c       __mb_locale_names          1001bf2c     LIBCMT:mbctype.obj
 0002:000016b0       ?ccsField@?P@??_openfile@@9@9 1001c6b0     LIBCMT:_open.obj
 0002:000016b4       ?utf8encoding@?P@??_openfile@@9@9 1001c6b4     LIBCMT:_open.obj
 0002:000016bc       ?utf16encoding@?P@??_openfile@@9@9 1001c6bc     LIBCMT:_open.obj
 0002:000016c8       ?unicodeencoding@?P@??_openfile@@9@9 1001c6c8     LIBCMT:_open.obj
 0002:000017ec       _GS_ExceptionPointers      1001c7ec     LIBCMT:gs_report.obj
 0002:00004088       __first_127char            1001f088     LIBCMT:wsetloca.obj
 0002:00004178       _crc_table                 1001f178     * CIL library *:* CIL module *
 0002:00006178       _configuration_table       10021178     * CIL library *:* CIL module *
 0002:000061f0       ?my_version@?1??deflateInit2_@@9@9 100211f0     * CIL library *:* CIL module *
 0002:00006240       ?lenfix@?1??fixedtables@@9@9 10021240     * CIL library *:* CIL module *
 0002:00006a40       ?order@?1??inflateBack@@9@9 10021a40     * CIL library *:* CIL module *
 0002:00006a68       ?distfix@?1??fixedtables@@9@9 10021a68     * CIL library *:* CIL module *
 0002:00006ae8       ?lenfix@?1??fixedtables@@9@9 10021ae8     * CIL library *:* CIL module *
 0002:000072e8       ?order@?1??inflate@@9@9    100222e8     * CIL library *:* CIL module *
 0002:00007310       ?distfix@?1??fixedtables@@9@9 10022310     * CIL library *:* CIL module *
 0002:00007390       ?lext@?1??inflate_table@@9@9 10022390     * CIL library *:* CIL module *
 0002:000073d0       ?dbase@?1??inflate_table@@9@9 100223d0     * CIL library *:* CIL module *
 0002:00007410       ?lbase@?1??inflate_table@@9@9 10022410     * CIL library *:* CIL module *
 0002:00007480       ?dext@?1??inflate_table@@9@9 10022480     * CIL library *:* CIL module *
 0002:000077c0       _static_dtree              100227c0     * CIL library *:* CIL module *
 0002:00007838       _static_ltree              10022838     * CIL library *:* CIL module *
 0002:00007cb8       _extra_dbits               10022cb8     * CIL library *:* CIL module *
 0002:00007d30       _base_length               10022d30     * CIL library *:* CIL module *
 0002:00007da8       _extra_blbits              10022da8     * CIL library *:* CIL module *
 0002:00007df8       _extra_lbits               10022df8     * CIL library *:* CIL module *
 0002:00007e6c       _bl_order                  10022e6c     * CIL library *:* CIL module *
 0002:00007e80       _base_dist                 10022e80     * CIL library *:* CIL module *
 0002:000083a0       __sehtable$__lseeki64      100233a0     LIBCMT:lseeki64.obj
 0002:000083c0       __sehtable$__wopen         100233c0     LIBCMT:wopen.obj
 0002:000083e0       __sehtable$__ftelli64      100233e0     LIBCMT:ftelli64.obj
 0002:00008400       __sehtable$__fseeki64      10023400     LIBCMT:fseeki64.obj
 0002:00008420       __sehtable$__fsopen        10023420     LIBCMT:fopen.obj
 0002:00008440       __sehtable$_fread_s        10023440     LIBCMT:fread.obj
 0002:00008460       __sehtable$_fwrite         10023460     LIBCMT:fwrite.obj
 0002:00008480       __sehtable$_fclose         10023480     LIBCMT:fclose.obj
 0002:000084a0       __sehtable$__CRT_INIT@12   100234a0     LIBCMT:dllcrt0.obj
 0002:000084c0       __sehtable$___DllMainCRTStartup 100234c0     LIBCMT:dllcrt0.obj
 0002:000084e0       __sehtable$__alloc_osfhnd  100234e0     LIBCMT:osfinfo.obj
 0002:00008508       __sehtable$___lock_fhandle 10023508     LIBCMT:osfinfo.obj
 0002:00008528       __sehtable$__ioinit        10023528     LIBCMT:ioinit.obj
 0002:00008548       __sehtable$__write         10023548     LIBCMT:write.obj
 0002:00008568       __sehtable$__close         10023568     LIBCMT:close.obj
 0002:00008588       __sehtable$__read          10023588     LIBCMT:read.obj
 0002:000085a8       __sehtable$_doexit         100235a8     LIBCMT:crt0dat.obj
 0002:000085c8       __sehtable$___updatetlocinfo 100235c8     LIBCMT:localref.obj
 0002:000085e8       __sehtable$___updatetmbcinfo 100235e8     LIBCMT:mbctype.obj
 0002:00008608       __sehtable$__setmbcp       10023608     LIBCMT:mbctype.obj
 0002:00008628       __sehtable$__freefls@4     10023628     LIBCMT:tidtable.obj
 0002:00008650       __sehtable$__initptd       10023650     LIBCMT:tidtable.obj
 0002:00008678       __sehtable$_flsall         10023678     LIBCMT:fflush.obj
 0002:000086a0       __sehtable$__getstream     100236a0     LIBCMT:stream.obj
 0002:000086c0       __sehtable$__mtinitlocknum 100236c0     LIBCMT:mlock.obj
 0002:000086e0       __sehtable$__IsNonwritableInCurrentImage 100236e0     LIBCMT:pesect.obj
 0002:00008700       __sehtable$__onexit        10023700     LIBCMT:onexit.obj
 0002:00008720       __sehtable$?terminate@@YAXXZ 10023720     LIBCMT:hooks.obj
 0002:00008740       __sehtable$_raise          10023740     LIBCMT:winsig.obj
 0002:00008760       __sehtable$__fcloseall     10023760     LIBCMT:closeall.obj
 0002:00008780       __sehtable$__commit        10023780     LIBCMT:commit.obj
 0002:000087a0       __sehtable$__sopen_helper  100237a0     LIBCMT:open.obj
 0002:000087c0       __sehtable$__open          100237c0     LIBCMT:open.obj
 0002:000087e0       __sehtable$__locterm       100237e0     LIBCMT:wsetloca.obj
 0002:000089a0       .idata$6                   100239a0     kernel32:KERNEL32.dll
 0002:00008e40       .edata                     10023e40     zlib_pyxis.exp
 0002:00008e68       rgpv                       10023e68     zlib_pyxis.exp
 0002:00009104       rgszName                   10024104     zlib_pyxis.exp
 0002:000092e8       rgwOrd                     100242e8     zlib_pyxis.exp
 0002:000093da       szName                     100243da     zlib_pyxis.exp
 0002:000093e9       $N00001                    100243e9     zlib_pyxis.exp
 0002:000093f1       $N00140                    100243f1     zlib_pyxis.exp
 0002:00009401       $N00002                    10024401     zlib_pyxis.exp
 0002:0000940a       $N00039                    1002440a     zlib_pyxis.exp
 0002:00009414       $N00046                    10024414     zlib_pyxis.exp
 0002:00009422       $N00003                    10024422     zlib_pyxis.exp
 0002:00009428       $N00142                    10024428     zlib_pyxis.exp
 0002:00009436       $N00004                    10024436     zlib_pyxis.exp
 0002:0000943e       $N00047                    1002443e     zlib_pyxis.exp
 0002:0000944b       $N00005                    1002444b     zlib_pyxis.exp
 0002:00009457       $N00006                    10024457     zlib_pyxis.exp
 0002:00009462       $N00007                    10024462     zlib_pyxis.exp
 0002:00009470       $N00008                    10024470     zlib_pyxis.exp
 0002:0000947d       $N00009                    1002447d     zlib_pyxis.exp
 0002:0000948b       $N00052                    1002448b     zlib_pyxis.exp
 0002:0000949a       $N00051                    1002449a     zlib_pyxis.exp
 0002:000094a7       $N00010                    100244a7     zlib_pyxis.exp
 0002:000094b4       $N00164                    100244b4     zlib_pyxis.exp
 0002:000094c5       $N00011                    100244c5     zlib_pyxis.exp
 0002:000094da       $N00144                    100244da     zlib_pyxis.exp
 0002:000094eb       $N00145                    100244eb     zlib_pyxis.exp
 0002:000094f7       $N00110                    100244f7     zlib_pyxis.exp
 0002:0000950b       $N00111                    1002450b     zlib_pyxis.exp
 0002:00009521       $N00112                    10024521     zlib_pyxis.exp
 0002:00009538       $N00113                    10024538     zlib_pyxis.exp
 0002:0000954f       $N00038                    1002454f     zlib_pyxis.exp
 0002:0000955d       $N00146                    1002455d     zlib_pyxis.exp
 0002:00009566       $N00048                    10024566     zlib_pyxis.exp
 0002:00009571       $N00012                    10024571     zlib_pyxis.exp
 0002:00009579       $N00147                    10024579     zlib_pyxis.exp
 0002:00009583       $N00148                    10024583     zlib_pyxis.exp
 0002:0000958d       $N00149                    1002458d     zlib_pyxis.exp
 0002:00009596       $N00013                    10024596     zlib_pyxis.exp
 0002:0000959e       $N00034                    1002459e     zlib_pyxis.exp
 0002:000095a4       $N00014                    100245a4     zlib_pyxis.exp
 0002:000095ac       $N00015                    100245ac     zlib_pyxis.exp
 0002:000095b4       $N00030                    100245b4     zlib_pyxis.exp
 0002:000095bb       $N00161                    100245bb     zlib_pyxis.exp
 0002:000095c3       $N00041                    100245c3     zlib_pyxis.exp
 0002:000095ca       $N00150                    100245ca     zlib_pyxis.exp
 0002:000095d3       $N00016                    100245d3     zlib_pyxis.exp
 0002:000095da       $N00165                    100245da     zlib_pyxis.exp
 0002:000095e3       $N00028                    100245e3     zlib_pyxis.exp
 0002:000095ec       $N00029                    100245ec     zlib_pyxis.exp
 0002:000095f3       $N00040                    100245f3     zlib_pyxis.exp
 0002:000095fa       $N00017                    100245fa     zlib_pyxis.exp
 0002:00009601       $N00032                    10024601     zlib_pyxis.exp
 0002:0000960a       $N00031                    1002460a     zlib_pyxis.exp
 0002:00009611       $N00035                    10024611     zlib_pyxis.exp
 0002:0000961d       $N00033                    1002461d     zlib_pyxis.exp
 0002:00009624       $N00049                    10024624     zlib_pyxis.exp
 0002:0000962d       $N00167                    1002462d     zlib_pyxis.exp
 0002:00009637       $N00018                    10024637     zlib_pyxis.exp
 0002:0000963f       $N00019                    1002463f     zlib_pyxis.exp
 0002:00009647       $N00044                    10024647     zlib_pyxis.exp
 0002:00009653       $N00045                    10024653     zlib_pyxis.exp
 0002:00009662       $N00043                    10024662     zlib_pyxis.exp
 0002:00009673       $N00042                    10024673     zlib_pyxis.exp
 0002:0000967f       $N00020                    1002467f     zlib_pyxis.exp
 0002:0000968a       $N00166                    1002468a     zlib_pyxis.exp
 0002:0000969f       $N00156                    1002469f     zlib_pyxis.exp
 0002:000096b0       $N00021                    100246b0     zlib_pyxis.exp
 0002:000096be       $N00022                    100246be     zlib_pyxis.exp
 0002:000096cb       $N00157                    100246cb     zlib_pyxis.exp
 0002:000096d7       $N00158                    100246d7     zlib_pyxis.exp
 0002:000096e4       $N00023                    100246e4     zlib_pyxis.exp
 0002:000096f1       $N00159                    100246f1     zlib_pyxis.exp
 0002:000096ff       $N00163                    100246ff     zlib_pyxis.exp
 0002:00009710       $N00024                    10024710     zlib_pyxis.exp
 0002:00009725       $N00025                    10024725     zlib_pyxis.exp
 0002:00009731       $N00037                    10024731     zlib_pyxis.exp
 0002:00009742       $N00160                    10024742     zlib_pyxis.exp
 0002:00009753       $N00026                    10024753     zlib_pyxis.exp
 0002:0000975e       $N00062                    1002475e     zlib_pyxis.exp
 0002:00009767       $N00072                    10024767     zlib_pyxis.exp
 0002:0000977b       $N00064                    1002477b     zlib_pyxis.exp
 0002:00009791       $N00124                    10024791     zlib_pyxis.exp
 0002:000097a9       $N00125                    100247a9     zlib_pyxis.exp
 0002:000097c7       $N00100                    100247c7     zlib_pyxis.exp
 0002:000097d5       $N00127                    100247d5     zlib_pyxis.exp
 0002:000097e5       $N00073                    100247e5     zlib_pyxis.exp
 0002:000097f9       $N00063                    100247f9     zlib_pyxis.exp
 0002:0000980a       $N00122                    1002480a     zlib_pyxis.exp
 0002:0000981d       $N00076                    1002481d     zlib_pyxis.exp
 0002:00009833       $N00101                    10024833     zlib_pyxis.exp
 0002:00009842       $N00128                    10024842     zlib_pyxis.exp
 0002:00009853       $N00065                    10024853     zlib_pyxis.exp
 0002:00009864       $N00066                    10024864     zlib_pyxis.exp
 0002:00009874       $N00075                    10024874     zlib_pyxis.exp
 0002:00009882       $N00061                    10024882     zlib_pyxis.exp
 0002:0000988a       $N00077                    1002488a     zlib_pyxis.exp
 0002:00009893       $N00121                    10024893     zlib_pyxis.exp
 0002:0000989f       $N00120                    1002489f     zlib_pyxis.exp
 0002:000098a9       $N00067                    100248a9     zlib_pyxis.exp
 0002:000098bc       $N00078                    100248bc     zlib_pyxis.exp
 0002:000098d0       $N00069                    100248d0     zlib_pyxis.exp
 0002:000098e4       $N00079                    100248e4     zlib_pyxis.exp
 0002:000098ff       $N00068                    100248ff     zlib_pyxis.exp
 0002:00009912       $N00074                    10024912     zlib_pyxis.exp
 0002:0000992b       $N00071                    1002492b     zlib_pyxis.exp
 0002:00009932       $N00070                    10024932     zlib_pyxis.exp
 0002:0000993a       $N00126                    1002493a     zlib_pyxis.exp
 0002:00009944       $N00036                    10024944     zlib_pyxis.exp
 0002:0000994b       $N00084                    1002494b     zlib_pyxis.exp
 0002:00009954       $N00083                    10024954     zlib_pyxis.exp
 0002:00009966       $N00087                    10024966     zlib_pyxis.exp
 0002:0000997b       $N00136                    1002497b     zlib_pyxis.exp
 0002:00009992       $N00080                    10024992     zlib_pyxis.exp
 0002:0000999a       $N00088                    1002499a     zlib_pyxis.exp
 0002:000099a3       $N00131                    100249a3     zlib_pyxis.exp
 0002:000099af       $N00130                    100249af     zlib_pyxis.exp
 0002:000099b9       $N00081                    100249b9     zlib_pyxis.exp
 0002:000099cd       $N00086                    100249cd     zlib_pyxis.exp
 0002:000099e2       $N00133                    100249e2     zlib_pyxis.exp
 0002:000099fa       $N00089                    100249fa     zlib_pyxis.exp
 0002:00009a0f       $N00134                    10024a0f     zlib_pyxis.exp
 0002:00009a27       $N00135                    10024a27     zlib_pyxis.exp
 0002:00009a3f       $N00132                    10024a3f     zlib_pyxis.exp
 0002:00009a55       $N00082                    10024a55     zlib_pyxis.exp
 0002:00009a69       $N00050                    10024a69     zlib_pyxis.exp
 0002:00009a7a       $N00027                    10024a7a     zlib_pyxis.exp
 0003:00000010       _errtable                  10025010     LIBCMT:dosmap.obj
 0003:00000178       _ErrnoNoMem                10025178     LIBCMT:dosmap.obj
 0003:0000017c       _DoserrorNoMem             1002517c     LIBCMT:dosmap.obj
 0003:000002c0       ?isPackaged@?1??__crtIsPackagedApp@@9@9 100252c0     LIBCMT:winapisupp.obj
 0003:000002d4       ___rgctypeflag             100252d4     LIBCMT:mbctype.obj
 0003:000002d8       ___rgcode_page_info        100252d8     LIBCMT:mbctype.obj
 0003:00000cb0       __locktable                10025cb0     LIBCMT:mlock.obj
 0003:00000e8c       __ctype_loc_style          10025e8c     LIBCMT:wsetloca.obj
 0003:00000e90       _static_bl_desc            10025e90     * CIL library *:* CIL module *
 0003:00000ea4       _static_d_desc             10025ea4     * CIL library *:* CIL module *
 0003:00000eb8       _static_l_desc             10025eb8     * CIL library *:* CIL module *
 0003:00000ee0       ___proc_attached           10025ee0     LIBCMT:dllcrt0.obj
 0003:00001038       ?outmsg@?8??_NMSG_WRITE@@9@9 10026038     LIBCMT:crt0msg.obj
 0003:0000167c       _fSystemSet                1002667c     LIBCMT:mbctype.obj
 0003:00001688       ?_pgmname@?1??_setargv@@9@9 10026688     LIBCMT:stdargv.obj
 0003:00001790       _lclcritsects              10026790     LIBCMT:mlock.obj
 0003:000018ec       _g_pfnRtlGenRandom         100268ec     LIBCMT:rand_s.obj
 0003:000018f0       _ctrlc_action              100268f0     LIBCMT:winsig.obj
 0003:000018f4       _ctrlbreak_action          100268f4     LIBCMT:winsig.obj
 0003:000018f8       _abort_action              100268f8     LIBCMT:winsig.obj
 0003:000018fc       _term_action               100268fc     LIBCMT:winsig.obj
 0003:00001900       _ConsoleCtrlHandler_Installed 10026900     LIBCMT:winsig.obj
 0003:00001910       ?pfnMessageBox@?1??__crtMessageBoxW@@9@9 10026910     LIBCMT:crtmboxw.obj
 0003:00001914       ?pfnGetActiveWindow@?1??__crtMessageBoxW@@9@9 10026914     LIBCMT:crtmboxw.obj
 0003:00001918       ?pfnGetLastActivePopup@?1??__crtMessageBoxW@@9@9 10026918     LIBCMT:crtmboxw.obj
 0003:0000191c       ?pfnGetProcessWindowStation@?1??__crtMessageBoxW@@9@9 1002691c     LIBCMT:crtmboxw.obj
 0003:00001920       ?pfnGetUserObjectInformation@?1??__crtMessageBoxW@@9@9 10026920     LIBCMT:crtmboxw.obj
 0003:00001924       ___enable_percent_n        10026924     LIBCMT:printf.obj
 0003:00001930       _GS_ExceptionRecord        10026930     LIBCMT:gs_report.obj
 0003:00001980       _GS_ContextRecord          10026980     LIBCMT:gs_report.obj
 0003:00001c4c       _DebuggerWasPresent        10026c4c     LIBCMT:gs_report.obj
 0003:00001c5c       ___crtCallProc             10026c5c     LIBCMT:winapinls.obj
 0003:00001c64       ?calls@?1??crypthead@@9@9  10026c64     * CIL library *:* CIL module *
 0004:00000060       $R000000                   10028060     zlib.res
